[Licensing::Module] Trying to connect to existing licensing client channel...
Built from '6000.5/staging' branch; Version is '6000.5.8f1 (5cb7df797b7d) revision 6076383'; Using compiler version '194234433'; Build Type 'Release'
OS: 'Windows 11  (10.0.26200) CoreCountrySpecific' Language: 'zh' Physical Memory: 31932 MB
BatchMode: 1, IsHumanControllingUs: 0, StartBugReporterOnCrash: 0, Is64bit: 1
System  architecture: x64
Process architecture: x64
Date: 2026-08-15T10:15:15Z
[Licensing::IpcConnector] Channel LicenseClient-luyua doesn't exist
[Licensing::Module] Successfully launched the LicensingClient (PId: 29832)

COMMAND LINE ARGUMENTS:
C:\Program Files\Unity\Hub\Editor\6000.5.8f1\Editor\Unity.exe
-batchmode
-quit
-projectPath
E:\work\mmorpg-client
-executeMethod
MmorpgClient.UI.EditorTools.QdaoUguiBuilder.BuildAndCapture
-logFile
E:\work\image\unity_ugui_build.log
Successfully changed project path to: E:\work\mmorpg-client
E:/work/mmorpg-client
[UnityMemory] Configuration Parameters - Can be set up in boot.config
    "memorysetup-temp-allocator-size-gi-baking-worker=262144"
    "memorysetup-temp-allocator-size-gi-baking-worker=262144"
    "memorysetup-temp-allocator-size-gi-baking-worker=262144"
    "memorysetup-temp-allocator-size-gi-baking-worker=262144"
    "memorysetup-temp-allocator-size-gi-baking-worker=262144"
    "memorysetup-temp-allocator-size-nav-mesh-worker=65536"
    "memorysetup-temp-allocator-size-audio-worker=65536"
    "memorysetup-temp-allocator-size-cloud-worker=32768"
    "memorysetup-temp-allocator-size-gfx=262144"
    "memorysetup-temp-allocator-size-preload-manager=33554432"
    "memorysetup-allocator-temp-initial-block-size-main=262144"
    "memorysetup-allocator-temp-initial-block-size-worker=262144"
    "memorysetup-temp-allocator-size-job-worker=262144"
    "memorysetup-temp-allocator-size-background-worker=32768"
    "memorysetup-bucket-allocator-granularity=16"
    "memorysetup-bucket-allocator-bucket-count=8"
    "memorysetup-bucket-allocator-block-size=33554432"
    "memorysetup-bucket-allocator-block-count=8"
    "memorysetup-main-allocator-block-size=16777216"
    "memorysetup-thread-allocator-block-size=16777216"
    "memorysetup-main-allocator-mimalloc-enabled=0"
    "memorysetup-gfx-main-allocator-block-size=16777216"
    "memorysetup-gfx-thread-allocator-block-size=16777216"
    "memorysetup-cache-allocator-block-size=4194304"
    "memorysetup-typetree-allocator-block-size=2097152"
    "memorysetup-profiler-bucket-allocator-granularity=16"
    "memorysetup-profiler-bucket-allocator-bucket-count=8"
    "memorysetup-profiler-bucket-allocator-block-size=33554432"
    "memorysetup-profiler-bucket-allocator-block-count=8"
    "memorysetup-profiler-allocator-block-size=16777216"
    "memorysetup-profiler-editor-allocator-block-size=1048576"
    "memorysetup-temp-allocator-size-main=16777216"
    "memorysetup-job-temp-allocator-block-size=2097152"
    "memorysetup-job-temp-allocator-block-size-background=1048576"
    "memorysetup-job-temp-allocator-reduction-small-platforms=262144"
Logging is directed to a specific file, skipping project log.Player connection [15064]  Target information:

Player connection [15064]  * "[IP] 192.168.112.1 [Port] 55504 [Flags] 2 [Guid] 2917084213 [EditorId] 2917084213 [Version] 1048832 [Id] WindowsEditor(7,luyuan) [Debug] 1 [PackageName] WindowsEditor [ProjectName] Editor" 

Player connection [15064]  * "[IP] 198.0.2.1 [Port] 55504 [Flags] 2 [Guid] 2917084213 [EditorId] 2917084213 [Version] 1048832 [Id] WindowsEditor(7,luyuan) [Debug] 1 [PackageName] WindowsEditor [ProjectName] Editor" 

Player connection [15064]  * "[IP] 192.168.2.103 [Port] 55504 [Flags] 2 [Guid] 2917084213 [EditorId] 2917084213 [Version] 1048832 [Id] WindowsEditor(7,luyuan) [Debug] 1 [PackageName] WindowsEditor [ProjectName] Editor" 

Player connection [15064] Host joined multi-casting on [225.0.0.222:54997]...
Player connection [15064] Host joined alternative multi-casting on [225.0.0.222:34997]...
Input System module state changed to: Initialized.
[Physics::Module] Initialized fallback backend.
[Physics::Module] Id: 0xdecafbad
[Licensing::IpcConnector] Successfully connected to: "LicenseClient-luyua" at "2026-08-15T10:15:15.8917625Z"
[Licensing::Client] Code 10 while verifying Licensing Client signature (process Id: 29832, path: "C:/Program Files/Unity/Hub/Editor/6000.5.8f1/Editor/Data/Resources/Licensing/Client/Unity.Licensing.Client.exe")
[Licensing::Module] LicensingClient has failed validation; ignoring
[Licensing::Client] Handshaking with LicensingClient:
  Version:                 1.18.1+9fbee8e
  Session Id:              fcedfc0c58b44229a563505087e3c613
  Correlation Id:          785b8d5a98b0579b36a0f2fd1c632077
  External correlation Id: 9222758269615274343
  Machine Id:              M2B/yAY5ulraeWIcwlJsiU0qhCs=
[Licensing::Module] Successfully connected to LicensingClient on channel: "LicenseClient-luyua" (connect: 0.24s, validation: 0.04s, handshake: 0.03s)
[Licensing::IpcConnector] Successfully connected to: "LicenseClient-luyua-notifications" at "2026-08-15T10:15:15.9602302Z"
[Licensing::Module] Connected to LicensingClient (PId: 29832, launch time: 0.00, total connection time: 0.31s)
[Licensing::Module] Error: Access token is unavailable; failed to update
[Licensing::Client] Successfully resolved entitlement details
[Licensing::Module] License group:
  Id: ewogICJzdWJzR3JvdXAiIDogInVuaXR5IGVkaXRvciIsCiAgIm5hbWVzcGFjZSIgOiAidW5pdHlfZWRpdG9yIiwKICAidHlwZSIgOiAiRURJVE9SIiwKICAidGFnIiA6ICJVbml0eVBlcnNvbmFsXXXX
  Product: Unity Personal Version
  Type: Assigned
  Expiration: Unlimited
[Licensing::Client] Successfully updated license, isAsync: True, time: 0.01
[Licensing::Client] Successfully resolved entitlement details
[Licensing::Module] Licensing Background thread has ended after 0.34s
[Package Manager] Connected to IPC stream "Upm-34788" after 0.3 seconds.
[Licensing::Client] Successfully resolved entitlement details
Library Redirect Path: Library/
[Physics::Module] Selected backend.
[Physics::Module] Name: PhysX
[Physics::Module] Id: 0xf2b8ea05
[Physics::Module] SDK Version: 4.1.2
[Physics::Module] Integration Version: 1.0.0
[Physics::Module] Threading Mode: Multi-Threaded
Artifact Garbage Collection - Removed 11 unused hashed content files
Initialize engine version: 6000.5.8f1 (5cb7df797b7d)
[Subsystems] Discovering subsystems at path C:/Program Files/Unity/Hub/Editor/6000.5.8f1/Editor/Data/Resources/UnitySubsystems
[Subsystems] Discovering subsystems at path E:/work/mmorpg-client/Assets
GfxDevice: creating device client; kGfxThreadingModeNonThreaded
d3d12: failed to query info queue interface (0x80004002).
Direct3D:
    Version:         Direct3D 12 [level 12.2]
    Renderer:        NVIDIA GeForce RTX 5070 Ti Laptop GPU (ID=0x2f18)
    Vendor:          NVIDIA
    VRAM:            11944 MB
    App VRAM Budget: 11176 MB
    Driver:          32.0.15.9186
Initialize mono
Mono path[0] = 'C:/Program Files/Unity/Hub/Editor/6000.5.8f1/Editor/Data/Managed'
Mono path[1] = 'C:/Program Files/Unity/Hub/Editor/6000.5.8f1/Editor/Data/BCLExtensions/runtime/netstandard2.1'
Mono path[2] = 'C:/Program Files/Unity/Hub/Editor/6000.5.8f1/Editor/Data/MonoBleedingEdge/lib/mono/unityjit-win32'
Mono config path = 'C:/Program Files/Unity/Hub/Editor/6000.5.8f1/Editor/Data/MonoBleedingEdge/etc'
Using monoOptions --debugger-agent=transport=dt_socket,embedding=1,server=y,suspend=n,address=127.0.0.1:56788
CodeReloadManager initialized
ImportWorker Server TCP listen port: 0
AcceleratorClientConnectionCallback - disconnected - :0
Begin MonoManager ReloadAssembly
Registering precompiled unity dll's ...
Register platform support module: C:/Program Files/Unity/Hub/Editor/6000.5.8f1/Editor/Data/PlaybackEngines/WindowsStandaloneSupport/UnityEditor.WindowsStandalone.Extensions.dll
Registered in 0.001390 seconds.
Native extension for WindowsStandalone target not found
Package Manager log level set to [2]
ScheduleIndexationOnStartup MainProcess:False IndexOnStartup:False
Mono: successfully reloaded assembly
- Finished resetting the current domain, in  0.363 seconds
Domain Reload Profiling: 704ms
	BeginReloadAssembly (87ms)
		CreateAndSetChildDomain (6ms)
	RebuildCommonClasses (4ms)
	RebuildNativeTypeToScriptingClass (11ms)
	initialDomainReloadingComplete (46ms)
	LoadAllAssembliesAndSetupDomain (192ms)
		LoadAssemblies (79ms)
		AnalyzeDomain (140ms)
			TypeCache.Refresh (139ms)
				TypeCache.ScanAssembly (129ms)
	FinalizeReload (364ms)
		SetupLoadedEditorAssemblies (0ms)
			BeforeProcessingInitializeOnLoad (62ms)
			ProcessInitializeOnLoadAttributes (62ms)
			ProcessInitializeOnLoadMethodAttributes (189ms)
[Licensing::Client] Successfully resolved entitlement details
Application.AssetDatabase Initial Refresh Start
[Package Manager] Restoring resolved packages state from cache
[Licensing::Client] Successfully resolved entitlement details
[Package Manager] Registered 19 packages:
  Built-in packages:
    com.unity.ugui@2.5.0 (location: E:\work\mmorpg-client\Library\PackageCache\com.unity.ugui@1c4864518158)
    com.unity.modules.imgui@1.0.0 (location: E:\work\mmorpg-client\Library\PackageCache\com.unity.modules.imgui)
    com.unity.modules.jsonserialize@1.0.0 (location: E:\work\mmorpg-client\Library\PackageCache\com.unity.modules.jsonserialize)
    com.unity.modules.physicscore2d@1.0.0 (location: E:\work\mmorpg-client\Library\PackageCache\com.unity.modules.physicscore2d)
    com.unity.modules.uielements@1.0.0 (location: E:\work\mmorpg-client\Library\PackageCache\com.unity.modules.uielements)
    com.unity.modules.unityanalytics@1.0.0 (location: E:\work\mmorpg-client\Library\PackageCache\com.unity.modules.unityanalytics)
    com.unity.modules.unitywebrequest@1.0.0 (location: E:\work\mmorpg-client\Library\PackageCache\com.unity.modules.unitywebrequest)
    com.unity.modules.unitywebrequesttexture@1.0.0 (location: E:\work\mmorpg-client\Library\PackageCache\com.unity.modules.unitywebrequesttexture)
    com.unity.modules.unitywebrequestwww@1.0.0 (location: E:\work\mmorpg-client\Library\PackageCache\com.unity.modules.unitywebrequestwww)
    com.unity.modules.unitywebrequestassetbundle@1.0.0 (location: E:\work\mmorpg-client\Library\PackageCache\com.unity.modules.unitywebrequestassetbundle)
    com.unity.modules.unitywebrequestaudio@1.0.0 (location: E:\work\mmorpg-client\Library\PackageCache\com.unity.modules.unitywebrequestaudio)
    com.unity.modules.audio@1.0.0 (location: E:\work\mmorpg-client\Library\PackageCache\com.unity.modules.audio)
    com.unity.modules.assetbundle@1.0.0 (location: E:\work\mmorpg-client\Library\PackageCache\com.unity.modules.assetbundle)
    com.unity.modules.imageconversion@1.0.0 (location: E:\work\mmorpg-client\Library\PackageCache\com.unity.modules.imageconversion)
    com.unity.modules.ui@1.0.0 (location: E:\work\mmorpg-client\Library\PackageCache\com.unity.modules.ui)
    com.unity.modules.hierarchycore@1.0.0 (location: E:\work\mmorpg-client\Library\PackageCache\com.unity.modules.hierarchycore)
    com.unity.modules.physics@1.0.0 (location: E:\work\mmorpg-client\Library\PackageCache\com.unity.modules.physics)
    com.unity.modules.animation@1.0.0 (location: E:\work\mmorpg-client\Library\PackageCache\com.unity.modules.animation)
    com.unity.modules.physics2d@1.0.0 (location: E:\work\mmorpg-client\Library\PackageCache\com.unity.modules.physics2d)
[Subsystems] No new subsystems found in resolved package list.
[Package Manager] Done registering packages in 0.01 seconds
[ScriptCompilation] Requested script compilation because: AssetDatabase observed changes in script compilation related files
Starting: C:\Program Files\Unity\Hub\Editor\6000.5.8f1\Editor\Data\Tools\BuildPipeline\bee_backend.exe --ipc --defer-dag-verification --dagfile="Library/Bee/1900b0aE.dag" --continue-on-failure --profile="Library/Bee/backend1.traceevents" ScriptAssemblies
WorkingDir: E:/work/mmorpg-client
DisplayProgressbar: Compiling Scripts
ExitCode: 0 Duration: 1s297ms
[231/237    1s] Csc Library/Bee/artifacts/1900b0aE.dag/MmorpgClient.dll (+2 others)
Assets\Scripts\UI\AppBootstrap.cs(249,62): warning CS0618: 'FindObjectsSortMode' is obsolete: 'FindObjectsSortMode has been deprecated. Use the FindObjectsByType overloads that do not take a FindObjectsSortMode parameter.'

Assets\Scripts\UI\AppBootstrap.cs(249,36): warning CS0618: 'Object.FindObjectsByType<T>(FindObjectsSortMode)' is obsolete: 'FindObjectsByType with FindObjectsSortMode parameter has been deprecated. Use FindObjectsByType<T>() or FindObjectsByType<T>(FindObjectsInactive) instead. InstanceID will be replaced in the future with EntityId and previous sort order cannot be maintained.'

Assets\Scripts\Game\GameClient.cs(513,47): warning CS0162: Unreachable code detected
[232/237    0s] CopyFiles Library/ScriptAssemblies/MmorpgClient.dll
[233/237    0s] CopyFiles Library/ScriptAssemblies/MmorpgClient.pdb
[234/237    0s] Csc Library/Bee/artifacts/1900b0aE.dag/Assembly-CSharp-Editor.dll (+2 others)
[235/237    0s] CopyFiles Library/ScriptAssemblies/Assembly-CSharp-Editor.dll
[236/237    0s] CopyFiles Library/ScriptAssemblies/Assembly-CSharp-Editor.pdb
*** Tundra build success (1.27 seconds), 6 items updated, 237 evaluated
Assets\Scripts\UI\AppBootstrap.cs(249,62): warning CS0618: 'FindObjectsSortMode' is obsolete: 'FindObjectsSortMode has been deprecated. Use the FindObjectsByType overloads that do not take a FindObjectsSortMode parameter.'
Assets\Scripts\UI\AppBootstrap.cs(249,36): warning CS0618: 'Object.FindObjectsByType<T>(FindObjectsSortMode)' is obsolete: 'FindObjectsByType with FindObjectsSortMode parameter has been deprecated. Use FindObjectsByType<T>() or FindObjectsByType<T>(FindObjectsInactive) instead. InstanceID will be replaced in the future with EntityId and previous sort order cannot be maintained.'
Assets\Scripts\Game\GameClient.cs(513,47): warning CS0162: Unreachable code detected
Total cache size 2011028
AssetDatabase: script compilation time: 1.594403s
Total cache size after purge 2011028, took 00:00:00.0151556
Begin MonoManager ReloadAssembly
Native extension for WindowsStandalone target not found
ScheduleIndexationOnStartup MainProcess:True IndexOnStartup:True
Mono: successfully reloaded assembly
- Finished resetting the current domain, in  0.291 seconds
Domain Reload Profiling: 655ms
	BeginReloadAssembly (170ms)
		DisableScriptedObjects (20ms)
		CreateAndSetChildDomain (45ms)
	RebuildCommonClasses (6ms)
	RebuildNativeTypeToScriptingClass (11ms)
	initialDomainReloadingComplete (31ms)
	LoadAllAssembliesAndSetupDomain (144ms)
		LoadAssemblies (143ms)
		AnalyzeDomain (20ms)
			TypeCache.Refresh (14ms)
				TypeCache.ScanAssembly (10ms)
			BuildScriptInfoCaches (4ms)
	FinalizeReload (292ms)
		SetupLoadedEditorAssemblies (0ms)
			BeforeProcessingInitializeOnLoad (58ms)
			ProcessInitializeOnLoadAttributes (45ms)
			ProcessInitializeOnLoadMethodAttributes (53ms)
			AfterProcessingInitializeOnLoad (6ms)
		AwakeInstancesAfterBackupRestoration (22ms)
Starting new worker id: 0 with log in E:/work/mmorpg-client/Logs/AssetImportWorkerHW0.log

Asset Pipeline Refresh (id=34c7a33cc72748146a326bab37c1a25a): Total: 2.470 seconds - Initiated by InitialRefreshV2(ForceSynchronousImport)
	(Values over 0.05ms)
	Summary:
		Imports: total=0 (actual=0, local cache=0, cache server=0)
		Asset DB Process Time: managed=0 ms, native=412 ms
		Asset DB Callback time: managed=49 ms, native=12 ms
		Scripting: domain reloads=1, domain reload time=388 ms, compile time=1597 ms, other=9 ms
		Project Asset Count: scripts=203, non-scripts=276
		Asset File Changes: new=0, changed=2, moved=0, deleted=0
		Scan Filter Count: 0
	InvokePackagesCallback: 8.017ms
	ApplyChangesToAssetFolders: 0.473ms
	Scan: 45.280ms
	Collect global state as custom dependencies: 7.646ms
	OnSourceAssetsModified: 0.540ms
	CategorizeScriptCompilationAssets: 1.707ms
	ProcessAssetsWithTransientArtifactChanges: 7.671ms
	CategorizeAssets: 3.281ms
	CompileScripts: 1597.111ms
	ImportOutOfDateAssets: 304.624ms (294.355ms without children)
		UnloadImportedAssets: 0.117ms
		ImportSchedulerStart: 10.107ms
	PostProcessAllAssets: 50.154ms
		VCAutoAddAssetPostprocess 0.949ms
		XRBuildSystem.XRAssetImported 0.067ms
		PostProcessCallbackCreateDeferredMaterials 0.053ms
		MonoPostProcessAllAssets: 48.632ms
			AssetPostprocessor.OnPostprocessAllAssets 20.032ms
			BuilderAssetPostprocessor.OnPostprocessAllAssets 5.778ms
			StyleCatalogPostProcessor.OnPostprocessAllAssets 5.294ms
			WindowAssetPostprocessingWatcher.OnPostprocessAllAssets 4.745ms
			AssetChangedListener.OnPostprocessAllAssets 1.374ms
			SyncVS.PostprocessSyncProject 0.931ms
			RetainedModeAssetPostprocessor.OnPostprocessAllAssets 0.873ms
			EditModeScopePostprocessor.OnPostprocessAllAssets 0.628ms
			SpeedTree9Postprocessor.OnPostprocessAllAssets 0.522ms
			ArtifactBrowserPostProcessor.OnPostprocessAllAssets 0.478ms
			TextAssetPostProcessor.OnPostprocessAllAssets 0.395ms
			AudioMixerPostprocessor.OnPostprocessAllAssets 0.190ms
			TMPro_TexturePostProcessor.OnPostprocessAllAssets 0.183ms
			TerrainToolbarOverlayPostProcessor.OnPostprocessAllAssets 0.182ms
			ReferencedClipsPostProcessor.OnPostprocessAllAssets 0.172ms
			AssetEvents.OnPostprocessAllAssets 0.139ms
			AssetDatabaseCallbacks.OnPostprocessAllAssets 0.114ms
			SpeedTreePostProcessor.OnPostprocessAllAssets 0.103ms
			ConfigAssetsTracker.OnPostprocessAllAssets 0.087ms
			RenderPipelineGlobalSettingsPostprocessor.OnPostprocessAllAssets 0.082ms
			ScenarioDriftAssetsTracker.OnPostprocessAllAssets 0.073ms
			AudioContainerPostProcessor.OnPostprocessAllAssets 0.053ms
	PostAssetChangesProfiler: 4.161ms
	UnloadStreamsBegin: 1.556ms
	GenerateScriptTypeHashes: 0.582ms
	GenerateScriptTypeSerializationHashes: 1.245ms
	Untracked: 432.174ms

Application.AssetDatabase Initial Refresh End
Launched and connected shader compiler UnityShaderCompiler.exe after 0.01 seconds
Scanning for USB devices : 6.234ms
Initializing Unity extensions:
[MODES] ModeService[none].Initialize
[MODES] ModeService[none].LoadModes
[MODES] Loading mode Default (0) for mode-current-id-unity
Unloading 26 Unused Serialized files (Serialized files now loaded: 0)
Unloading 638 unused Assets / (2.3 MB). Loaded Objects now: 1397.
Memory consumption went from 214.2 MB to 211.9 MB.
Total: 4.860800 ms (FindLiveObjects: 0.129900 ms CreateObjectMapping: 0.085600 ms MarkObjects: 3.747900 ms  DeleteObjects: 0.895500 ms)

Importing 'GUID: 5c613844eb9391847b56f2e8b2014864 - Path: Assets/Resources/UI/Ugui/Reference/q_daoist_login_clear_lidazui_headband_2560x1080.png' with importer (TextureImporter)
Imported 'GUID: 5c613844eb9391847b56f2e8b2014864' -> (Import Result ID: '6237235cfd9bdceb4db785c671200f72') in 0.090 seconds [static and dynamic dependencies]. Details - ImportResultOutputID=adde1ccc3d2970e85e4dcce985472e45 DependenciesID=023c7c5f58cd30445a653cdb692775b2 StaticDependenciesID=096952ff7518caa5c301ffd1fd6ed975 
Asset Pipeline Refresh (id=2e2c890aeb0b0764084f382385dd5b78): Total: 0.110 seconds - Initiated by StopAssetImportingV2(NoUpdateAssetOptions)
Importing 'GUID: 5c613844eb9391847b56f2e8b2014864 - Path: Assets/Resources/UI/Ugui/Reference/q_daoist_login_clear_lidazui_headband_2560x1080.png' with importer (TextureImporter)
Imported 'GUID: 5c613844eb9391847b56f2e8b2014864' -> (Import Result ID: '6237235cfd9bdceb4db785c671200f72') in 0.081 seconds [static and dynamic dependencies]. Details - ImportResultOutputID=adde1ccc3d2970e85e4dcce985472e45 DependenciesID=023c7c5f58cd30445a653cdb692775b2 StaticDependenciesID=096952ff7518caa5c301ffd1fd6ed975 
Asset Pipeline Refresh (id=d3790734b90ff0d41bf544c0397030e1): Total: 0.090 seconds - Initiated by StopAssetImportingV2(NoUpdateAssetOptions)
Importing 'GUID: 14073bafb4ca74844b9aaf7c3d978d08 - Path: Assets/Resources/UI/Ugui/Prefabs/QdaoServerSelect.prefab' with importer (PrefabImporter)
Imported 'GUID: 14073bafb4ca74844b9aaf7c3d978d08' -> (Import Result ID: '2a2089a264911fea8e146a469b2b69a9') in 0.010 seconds [static and dynamic dependencies]. Details - ImportResultOutputID=115abfe9d185057f6754709596c09831 DependenciesID=87b1e5ff3f7de3c717b6e157a8083217 StaticDependenciesID=055659c88a5c500a96bce09df2b5d90b 
Asset Pipeline Refresh (id=9eeb5333f761ae440a68405034f8d120): Total: 0.025 seconds - Initiated by StopAssetImportingV2(NoUpdateAssetOptions)
Importing 'GUID: ff84b6a7f0f83b84fb9ef95becef729f - Path: Assets/Resources/Fonts/SimKai SDF.asset' with importer (NativeFormatImporter)
Imported 'GUID: ff84b6a7f0f83b84fb9ef95becef729f' -> (Import Result ID: '1149a2239f54cd2110a51813afd1a508') in 0.004 seconds [static dependencies only]. Details - ImportResultOutputID=c4a83e978d58d619e601ff22c89fa39e DependenciesID=9dac933d6654b28a465918ab3dda86ee StaticDependenciesID=1569a2474b79914e774a3a1d21aecbeb 
Asset Pipeline Refresh (id=6847d255160baeb4a93ea9854fbaa232): Total: 0.021 seconds - Initiated by StopAssetImportingV2(NoUpdateAssetOptions)
Asset Pipeline Refresh (id=07dd677169bd64341908a98bb7ec4d72): Total: 0.005 seconds - Initiated by RefreshV2(ForceUpdate)
[QdaoUguiBuilder] Built Assets/Resources/UI/Ugui/Prefabs/QdaoServerSelect.prefab
UnityEngine.Debug:ExtractStackTraceNoAlloc (byte*,int,string)
UnityEngine.StackTraceUtility:ExtractStackTrace ()
UnityEngine.DebugLogHandler:Internal_Log (UnityEngine.LogType,UnityEngine.LogOption,string,UnityEngine.Object)
UnityEngine.DebugLogHandler:LogFormat (UnityEngine.LogType,UnityEngine.Object,string,object[])
UnityEngine.Logger:Log (UnityEngine.LogType,object)
UnityEngine.Debug:Log (object)
MmorpgClient.UI.EditorTools.QdaoUguiBuilder:BuildAll () (at Assets/Editor/QdaoUguiBuilder.cs:39)
MmorpgClient.UI.EditorTools.QdaoUguiBuilder:BuildAndCapture () (at Assets/Editor/QdaoUguiBuilder.cs:45)

(Filename: Assets/Editor/QdaoUguiBuilder.cs Line: 39)

[QdaoUguiBuilder] Capture written: E:\work\image\ugui_qdao_headband_2560x1080.png
UnityEngine.Debug:ExtractStackTraceNoAlloc (byte*,int,string)
UnityEngine.StackTraceUtility:ExtractStackTrace ()
UnityEngine.DebugLogHandler:Internal_Log (UnityEngine.LogType,UnityEngine.LogOption,string,UnityEngine.Object)
UnityEngine.DebugLogHandler:LogFormat (UnityEngine.LogType,UnityEngine.Object,string,object[])
UnityEngine.Logger:Log (UnityEngine.LogType,object)
UnityEngine.Debug:Log (object)
MmorpgClient.UI.EditorTools.QdaoUguiBuilder:CapturePreview () (at Assets/Editor/QdaoUguiBuilder.cs:215)
MmorpgClient.UI.EditorTools.QdaoUguiBuilder:BuildAndCapture () (at Assets/Editor/QdaoUguiBuilder.cs:46)

(Filename: Assets/Editor/QdaoUguiBuilder.cs Line: 215)

Batchmode quit successfully invoked - shutting down!
Clearing [SimKai SDF] dynamic font asset data.
UnityEngine.Debug:ExtractStackTraceNoAlloc (byte*,int,string)
UnityEngine.StackTraceUtility:ExtractStackTrace ()
UnityEngine.DebugLogHandler:Internal_Log (UnityEngine.LogType,UnityEngine.LogOption,string,UnityEngine.Object)
UnityEngine.DebugLogHandler:LogFormat (UnityEngine.LogType,UnityEngine.Object,string,object[])
UnityEngine.Logger:Log (UnityEngine.LogType,object)
UnityEngine.Debug:Log (object)
TMPro.EditorEventCallbacks/<>c:<InitializeFontAssetResourceChangeCallBacks>b__0_0 () (at ./Library/PackageCache/com.unity.ugui@1c4864518158/Editor/TMP/TMP_EditorResourceManager.cs:36)
UnityEditor.EditorApplication:Internal_EditorApplicationQuit ()

(Filename: ./Library/PackageCache/com.unity.ugui@1c4864518158/Editor/TMP/TMP_EditorResourceManager.cs Line: 36)

Importing 'GUID: ff84b6a7f0f83b84fb9ef95becef729f - Path: Assets/Resources/Fonts/SimKai SDF.asset' with importer (NativeFormatImporter)
Imported 'GUID: ff84b6a7f0f83b84fb9ef95becef729f' -> (Import Result ID: 'a56f35054774479b01d5ca1e3de221b2') in 0.003 seconds [static dependencies only]. Details - ImportResultOutputID=c4a83e978d58d619e601ff22c89fa39e DependenciesID=155d76b537e2a650f41aa0949b1c74a4 StaticDependenciesID=cec13561b0769236cb59c4691ce252c7 
Asset Pipeline Refresh (id=d0295ab1963cd5048a11bf62b8fea895): Total: 0.013 seconds - Initiated by StopAssetImportingV2(NoUpdateAssetOptions)
[Physics::Module] Cleanup current backend.
[Physics::Module] Id: 0xf2b8ea05
Input System module state changed to: ShutdownInProgress.
Input Polling Thread exited.
Input System module state changed to: Shutdown.
[Licensing::IpcConnector] LicenseClient-luyua-notifications channel disconnected successfully.
[Licensing::IpcConnector] LicenseClient-luyua channel disconnected successfully.
AcceleratorClientConnectionCallback - disconnected - :0
Cleanup mono
CodeReloadManager destroyed
Exiting batchmode successfully now!
Exiting without the bug reporter. Application will terminate with return code 0