[Licensing::Module] Trying to connect to existing licensing client channel...
Built from '6000.5/staging' branch; Version is '6000.5.8f1 (5cb7df797b7d) revision 6076383'; Using compiler version '194234433'; Build Type 'Release'
[Licensing::IpcConnector] Channel LicenseClient-luyua doesn't exist
OS: 'Windows 11  (10.0.26200) CoreCountrySpecific' Language: 'zh' Physical Memory: 31932 MB
BatchMode: 1, IsHumanControllingUs: 0, StartBugReporterOnCrash: 0, Is64bit: 1
System  architecture: x64
Process architecture: x64
Date: 2026-08-15T10:32:49Z
[Licensing::Module] Successfully launched the LicensingClient (PId: 15436)

COMMAND LINE ARGUMENTS:
C:\Program Files\Unity\Hub\Editor\6000.5.8f1\Editor\Unity.exe
-batchmode
-quit
-projectPath
E:\work\mmorpg-client
-executeMethod
MmorpgClient.UI.EditorTools.QdaoUguiBuilder.BuildAndCapture
-logFile
E:\work\image\unity_ugui_final_verify.log
Successfully changed project path to: E:\work\mmorpg-client
E:/work/mmorpg-client
[UnityMemory] Configuration Parameters - Can be set up in boot.config
    "memorysetup-temp-allocator-size-gi-baking-worker=262144"
    "memorysetup-temp-allocator-size-gi-baking-worker=262144"
    "memorysetup-temp-allocator-size-gi-baking-worker=262144"
    "memorysetup-temp-allocator-size-gi-baking-worker=262144"
    "memorysetup-temp-allocator-size-gi-baking-worker=262144"
    "memorysetup-temp-allocator-size-nav-mesh-worker=65536"
    "memorysetup-temp-allocator-size-audio-worker=65536"
    "memorysetup-temp-allocator-size-cloud-worker=32768"
    "memorysetup-temp-allocator-size-gfx=262144"
    "memorysetup-temp-allocator-size-preload-manager=33554432"
    "memorysetup-allocator-temp-initial-block-size-main=262144"
    "memorysetup-allocator-temp-initial-block-size-worker=262144"
    "memorysetup-temp-allocator-size-job-worker=262144"
    "memorysetup-temp-allocator-size-background-worker=32768"
    "memorysetup-bucket-allocator-granularity=16"
    "memorysetup-bucket-allocator-bucket-count=8"
    "memorysetup-bucket-allocator-block-size=33554432"
    "memorysetup-bucket-allocator-block-count=8"
    "memorysetup-main-allocator-block-size=16777216"
    "memorysetup-thread-allocator-block-size=16777216"
    "memorysetup-main-allocator-mimalloc-enabled=0"
    "memorysetup-gfx-main-allocator-block-size=16777216"
    "memorysetup-gfx-thread-allocator-block-size=16777216"
    "memorysetup-cache-allocator-block-size=4194304"
    "memorysetup-typetree-allocator-block-size=2097152"
    "memorysetup-profiler-bucket-allocator-granularity=16"
    "memorysetup-profiler-bucket-allocator-bucket-count=8"
    "memorysetup-profiler-bucket-allocator-block-size=33554432"
    "memorysetup-profiler-bucket-allocator-block-count=8"
    "memorysetup-profiler-allocator-block-size=16777216"
    "memorysetup-profiler-editor-allocator-block-size=1048576"
    "memorysetup-temp-allocator-size-main=16777216"
    "memorysetup-job-temp-allocator-block-size=2097152"
    "memorysetup-job-temp-allocator-block-size-background=1048576"
    "memorysetup-job-temp-allocator-reduction-small-platforms=262144"
Logging is directed to a specific file, skipping project log.Player connection [17744]  Target information:

Player connection [17744]  * "[IP] 192.168.112.1 [Port] 55504 [Flags] 2 [Guid] 3224997909 [EditorId] 3224997909 [Version] 1048832 [Id] WindowsEditor(7,luyuan) [Debug] 1 [PackageName] WindowsEditor [ProjectName] Editor" 

Player connection [17744]  * "[IP] 198.0.2.1 [Port] 55504 [Flags] 2 [Guid] 3224997909 [EditorId] 3224997909 [Version] 1048832 [Id] WindowsEditor(7,luyuan) [Debug] 1 [PackageName] WindowsEditor [ProjectName] Editor" 

Player connection [17744]  * "[IP] 192.168.2.103 [Port] 55504 [Flags] 2 [Guid] 3224997909 [EditorId] 3224997909 [Version] 1048832 [Id] WindowsEditor(7,luyuan) [Debug] 1 [PackageName] WindowsEditor [ProjectName] Editor" 

Player connection [17744] Host joined multi-casting on [225.0.0.222:54997]...
Player connection [17744] Host joined alternative multi-casting on [225.0.0.222:34997]...
[Licensing::IpcConnector] Successfully connected to: "LicenseClient-luyua" at "2026-08-15T10:32:50.2093797Z"
Input System module state changed to: Initialized.
[Physics::Module] Initialized fallback backend.
[Physics::Module] Id: 0xdecafbad
[Licensing::Client] Code 10 while verifying Licensing Client signature (process Id: 15436, path: "C:/Program Files/Unity/Hub/Editor/6000.5.8f1/Editor/Data/Resources/Licensing/Client/Unity.Licensing.Client.exe")
[Licensing::Module] LicensingClient has failed validation; ignoring
[Licensing::Client] Handshaking with LicensingClient:
  Version:                 1.18.1+9fbee8e
  Session Id:              2a1c1b056e6544a3adced0afae7bd14f
  Correlation Id:          37fcded0f2036b8324c362f16fcf8ef8
  External correlation Id: 6422515320792869703
  Machine Id:              M2B/yAY5ulraeWIcwlJsiU0qhCs=
[Licensing::Module] Successfully connected to LicensingClient on channel: "LicenseClient-luyua" (connect: 0.24s, validation: 0.06s, handshake: 0.05s)
[Licensing::IpcConnector] Successfully connected to: "LicenseClient-luyua-notifications" at "2026-08-15T10:32:50.3247884Z"
[Licensing::Module] Connected to LicensingClient (PId: 15436, launch time: 0.01, total connection time: 0.36s)
[Licensing::Module] Error: Access token is unavailable; failed to update
[Licensing::Client] Successfully resolved entitlement details
[Licensing::Module] License group:
  Id: ewogICJzdWJzR3JvdXAiIDogInVuaXR5IGVkaXRvciIsCiAgIm5hbWVzcGFjZSIgOiAidW5pdHlfZWRpdG9yIiwKICAidHlwZSIgOiAiRURJVE9SIiwKICAidGFnIiA6ICJVbml0eVBlcnNvbmFsXXXX
  Product: Unity Personal Version
  Type: Assigned
  Expiration: Unlimited
[Licensing::Client] Successfully updated license, isAsync: True, time: 0.01
[Licensing::Client] Successfully resolved entitlement details
[Licensing::Module] Licensing Background thread has ended after 0.40s
[Package Manager] Connected to IPC stream "Upm-40532" after 0.2 seconds.
[Licensing::Client] Successfully resolved entitlement details
Library Redirect Path: Library/
[Physics::Module] Selected backend.
[Physics::Module] Name: PhysX
[Physics::Module] Id: 0xf2b8ea05
[Physics::Module] SDK Version: 4.1.2
[Physics::Module] Integration Version: 1.0.0
[Physics::Module] Threading Mode: Multi-Threaded
Initialize engine version: 6000.5.8f1 (5cb7df797b7d)
[Subsystems] Discovering subsystems at path C:/Program Files/Unity/Hub/Editor/6000.5.8f1/Editor/Data/Resources/UnitySubsystems
[Subsystems] Discovering subsystems at path E:/work/mmorpg-client/Assets
GfxDevice: creating device client; kGfxThreadingModeNonThreaded
d3d12: failed to query info queue interface (0x80004002).
Direct3D:
    Version:         Direct3D 12 [level 12.2]
    Renderer:        NVIDIA GeForce RTX 5070 Ti Laptop GPU (ID=0x2f18)
    Vendor:          NVIDIA
    VRAM:            11944 MB
    App VRAM Budget: 11176 MB
    Driver:          32.0.15.9186
Initialize mono
Mono path[0] = 'C:/Program Files/Unity/Hub/Editor/6000.5.8f1/Editor/Data/Managed'
Mono path[1] = 'C:/Program Files/Unity/Hub/Editor/6000.5.8f1/Editor/Data/BCLExtensions/runtime/netstandard2.1'
Mono path[2] = 'C:/Program Files/Unity/Hub/Editor/6000.5.8f1/Editor/Data/MonoBleedingEdge/lib/mono/unityjit-win32'
Mono config path = 'C:/Program Files/Unity/Hub/Editor/6000.5.8f1/Editor/Data/MonoBleedingEdge/etc'
Using monoOptions --debugger-agent=transport=dt_socket,embedding=1,server=y,suspend=n,address=127.0.0.1:56532
CodeReloadManager initialized
ImportWorker Server TCP listen port: 0
AcceleratorClientConnectionCallback - disconnected - :0
Begin MonoManager ReloadAssembly
Registering precompiled unity dll's ...
Register platform support module: C:/Program Files/Unity/Hub/Editor/6000.5.8f1/Editor/Data/PlaybackEngines/WindowsStandaloneSupport/UnityEditor.WindowsStandalone.Extensions.dll
Registered in 0.001529 seconds.
Native extension for WindowsStandalone target not found
Package Manager log level set to [2]
ScheduleIndexationOnStartup MainProcess:False IndexOnStartup:False
Mono: successfully reloaded assembly
- Finished resetting the current domain, in  0.341 seconds
Domain Reload Profiling: 694ms
	BeginReloadAssembly (92ms)
		CreateAndSetChildDomain (5ms)
	RebuildCommonClasses (4ms)
	RebuildNativeTypeToScriptingClass (11ms)
	initialDomainReloadingComplete (48ms)
	LoadAllAssembliesAndSetupDomain (197ms)
		LoadAssemblies (85ms)
		AnalyzeDomain (144ms)
			TypeCache.Refresh (143ms)
				TypeCache.ScanAssembly (132ms)
	FinalizeReload (341ms)
		SetupLoadedEditorAssemblies (0ms)
			BeforeProcessingInitializeOnLoad (63ms)
			ProcessInitializeOnLoadAttributes (62ms)
			ProcessInitializeOnLoadMethodAttributes (167ms)
[Licensing::Client] Successfully resolved entitlement details
Application.AssetDatabase Initial Refresh Start
Packages were changed.
Update Mode: updateDependencies

The following packages were added:
  com.unity.modules.physicscore2d@1.0.0
[Package Manager] Restoring resolved packages state from cache
[Licensing::Client] Successfully resolved entitlement details
[Package Manager] Registered 19 packages:
  Built-in packages:
    com.unity.ugui@2.5.0 (location: E:\work\mmorpg-client\Library\PackageCache\com.unity.ugui@1c4864518158)
    com.unity.modules.imgui@1.0.0 (location: E:\work\mmorpg-client\Library\PackageCache\com.unity.modules.imgui)
    com.unity.modules.jsonserialize@1.0.0 (location: E:\work\mmorpg-client\Library\PackageCache\com.unity.modules.jsonserialize)
    com.unity.modules.physicscore2d@1.0.0 (location: E:\work\mmorpg-client\Library\PackageCache\com.unity.modules.physicscore2d)
    com.unity.modules.uielements@1.0.0 (location: E:\work\mmorpg-client\Library\PackageCache\com.unity.modules.uielements)
    com.unity.modules.unityanalytics@1.0.0 (location: E:\work\mmorpg-client\Library\PackageCache\com.unity.modules.unityanalytics)
    com.unity.modules.unitywebrequest@1.0.0 (location: E:\work\mmorpg-client\Library\PackageCache\com.unity.modules.unitywebrequest)
    com.unity.modules.unitywebrequesttexture@1.0.0 (location: E:\work\mmorpg-client\Library\PackageCache\com.unity.modules.unitywebrequesttexture)
    com.unity.modules.unitywebrequestwww@1.0.0 (location: E:\work\mmorpg-client\Library\PackageCache\com.unity.modules.unitywebrequestwww)
    com.unity.modules.unitywebrequestassetbundle@1.0.0 (location: E:\work\mmorpg-client\Library\PackageCache\com.unity.modules.unitywebrequestassetbundle)
    com.unity.modules.unitywebrequestaudio@1.0.0 (location: E:\work\mmorpg-client\Library\PackageCache\com.unity.modules.unitywebrequestaudio)
    com.unity.modules.audio@1.0.0 (location: E:\work\mmorpg-client\Library\PackageCache\com.unity.modules.audio)
    com.unity.modules.assetbundle@1.0.0 (location: E:\work\mmorpg-client\Library\PackageCache\com.unity.modules.assetbundle)
    com.unity.modules.imageconversion@1.0.0 (location: E:\work\mmorpg-client\Library\PackageCache\com.unity.modules.imageconversion)
    com.unity.modules.ui@1.0.0 (location: E:\work\mmorpg-client\Library\PackageCache\com.unity.modules.ui)
    com.unity.modules.hierarchycore@1.0.0 (location: E:\work\mmorpg-client\Library\PackageCache\com.unity.modules.hierarchycore)
    com.unity.modules.physics@1.0.0 (location: E:\work\mmorpg-client\Library\PackageCache\com.unity.modules.physics)
    com.unity.modules.animation@1.0.0 (location: E:\work\mmorpg-client\Library\PackageCache\com.unity.modules.animation)
    com.unity.modules.physics2d@1.0.0 (location: E:\work\mmorpg-client\Library\PackageCache\com.unity.modules.physics2d)
[Subsystems] No new subsystems found in resolved package list.
[Package Manager] Done registering packages in 0.01 seconds
[Package Manager] Done resolving packages in 2.53 seconds
[Licensing::Client] Successfully resolved entitlement details
[Package Manager] Lock file was modified
[Package Manager] Registered 19 packages:
  Built-in packages:
    com.unity.ugui@2.5.0 (location: E:\work\mmorpg-client\Library\PackageCache\com.unity.ugui@1c4864518158)
    com.unity.modules.imgui@1.0.0 (location: E:\work\mmorpg-client\Library\PackageCache\com.unity.modules.imgui)
    com.unity.modules.jsonserialize@1.0.0 (location: E:\work\mmorpg-client\Library\PackageCache\com.unity.modules.jsonserialize)
    com.unity.modules.physicscore2d@1.0.0 (location: E:\work\mmorpg-client\Library\PackageCache\com.unity.modules.physicscore2d)
    com.unity.modules.uielements@1.0.0 (location: E:\work\mmorpg-client\Library\PackageCache\com.unity.modules.uielements)
    com.unity.modules.unityanalytics@1.0.0 (location: E:\work\mmorpg-client\Library\PackageCache\com.unity.modules.unityanalytics)
    com.unity.modules.unitywebrequest@1.0.0 (location: E:\work\mmorpg-client\Library\PackageCache\com.unity.modules.unitywebrequest)
    com.unity.modules.unitywebrequesttexture@1.0.0 (location: E:\work\mmorpg-client\Library\PackageCache\com.unity.modules.unitywebrequesttexture)
    com.unity.modules.unitywebrequestwww@1.0.0 (location: E:\work\mmorpg-client\Library\PackageCache\com.unity.modules.unitywebrequestwww)
    com.unity.modules.unitywebrequestassetbundle@1.0.0 (location: E:\work\mmorpg-client\Library\PackageCache\com.unity.modules.unitywebrequestassetbundle)
    com.unity.modules.unitywebrequestaudio@1.0.0 (location: E:\work\mmorpg-client\Library\PackageCache\com.unity.modules.unitywebrequestaudio)
    com.unity.modules.audio@1.0.0 (location: E:\work\mmorpg-client\Library\PackageCache\com.unity.modules.audio)
    com.unity.modules.assetbundle@1.0.0 (location: E:\work\mmorpg-client\Library\PackageCache\com.unity.modules.assetbundle)
    com.unity.modules.imageconversion@1.0.0 (location: E:\work\mmorpg-client\Library\PackageCache\com.unity.modules.imageconversion)
    com.unity.modules.ui@1.0.0 (location: E:\work\mmorpg-client\Library\PackageCache\com.unity.modules.ui)
    com.unity.modules.hierarchycore@1.0.0 (location: E:\work\mmorpg-client\Library\PackageCache\com.unity.modules.hierarchycore)
    com.unity.modules.physics@1.0.0 (location: E:\work\mmorpg-client\Library\PackageCache\com.unity.modules.physics)
    com.unity.modules.animation@1.0.0 (location: E:\work\mmorpg-client\Library\PackageCache\com.unity.modules.animation)
    com.unity.modules.physics2d@1.0.0 (location: E:\work\mmorpg-client\Library\PackageCache\com.unity.modules.physics2d)
[Subsystems] No new subsystems found in resolved package list.
[Package Manager] Done registering packages in 0.00 seconds
[ScriptCompilation] Requested script compilation because: Assembly Definition File(s) changed
[ScriptCompilation] Requested script compilation because: AssetDatabase observed changes in script compilation related files
Starting: C:\Program Files\Unity\Hub\Editor\6000.5.8f1\Editor\Data\Tools\BuildPipeline\bee_backend.exe --ipc --defer-dag-verification --dagfile="Library/Bee/1900b0aE.dag" --continue-on-failure --profile="Library/Bee/backend1.traceevents" ScriptAssemblies
WorkingDir: E:/work/mmorpg-client
DisplayProgressbar: Compiling Scripts
ExitCode: 4 Duration: 0s493ms
[173/183    0s] CopyFiles Library/ScriptAssemblies/FairyGUI-Editor.dll
[174/183    0s] CopyFiles Library/ScriptAssemblies/FairyGUI.pdb
[175/183    0s] CopyFiles Library/ScriptAssemblies/FairyGUI.dll
[176/183    0s] CopyFiles Library/ScriptAssemblies/FairyGUI-Editor.pdb
Rebuilding DAG because FileSignature timestamp changed: Library/Bee/1900b0aE-inputdata.json
*** Tundra requires additional run (0.46 seconds), 5 items updated, 176 evaluated
[Script Updater] Failed to resolve 'name' expression : Assets/Scripts/UI/Ugui/QdaoUguiTheme.cs (68,19). This may cause expected updates to not be applied.
[Script Updater] Failed to resolve 'Image' expression : Assets/Scripts/UI/Ugui/QdaoServerSelectView.cs (39,34). This may cause expected updates to not be applied.
[Script Updater] Failed to resolve 'onClick' expression : Assets/Scripts/UI/Ugui/QdaoServerSelectView.cs (296,32). This may cause expected updates to not be applied.
[Script Updater] Failed to resolve 'onClick' expression : Assets/Scripts/UI/Ugui/QdaoServerSelectView.cs (301,37). This may cause expected updates to not be applied.
[Script Updater] Failed to resolve 'onClick' expression : Assets/Scripts/UI/Ugui/QdaoServerSelectView.cs (306,35). This may cause expected updates to not be applied.
[Script Updater] Failed to resolve 'onClick' expression : Assets/Scripts/UI/Ugui/QdaoServerSelectView.cs (310,25). This may cause expected updates to not be applied.
[Script Updater] Failed to resolve 'onClick' expression : Assets/Scripts/UI/Ugui/QdaoServerSelectView.cs (311,28). This may cause expected updates to not be applied.
[Script Updater] Failed to resolve 'onClick' expression : Assets/Scripts/UI/Ugui/QdaoServerSelectView.cs (312,26). This may cause expected updates to not be applied.
[Script Updater] Failed to resolve 'onClick' expression : Assets/Scripts/UI/Ugui/QdaoServerSelectView.cs (319,24). This may cause expected updates to not be applied.
[Script Updater] Failed to resolve 'onClick' expression : Assets/Scripts/UI/Ugui/QdaoServerSelectView.cs (321,24). This may cause expected updates to not be applied.
[Script Updater] Failed to resolve 'onClick' expression : Assets/Scripts/UI/Ugui/QdaoServerSelectView.cs (323,24). This may cause expected updates to not be applied.
[Script Updater] Failed to resolve 'onClick' expression : Assets/Scripts/UI/Ugui/QdaoServerSelectView.cs (326,25). This may cause expected updates to not be applied.
[Script Updater] Failed to resolve 'onClick' expression : Assets/Scripts/UI/Ugui/QdaoServerSelectView.cs (327,28). This may cause expected updates to not be applied.
[Script Updater] Failed to resolve 'onClick' expression : Assets/Scripts/UI/Ugui/QdaoServerSelectView.cs (328,26). This may cause expected updates to not be applied.
[Script Updater] Failed to resolve 'Image' expression : Assets/Scripts/UI/Ugui/QdaoUguiFactory.cs (46,23). This may cause expected updates to not be applied.
[Script Updater] Failed to resolve 'Image' expression : Assets/Scripts/UI/Ugui/QdaoUguiFactory.cs (57,54). This may cause expected updates to not be applied.
[Script Updater] Failed to resolve 'type' expression : Assets/Scripts/UI/Ugui/QdaoUguiFactory.cs (62,19). This may cause expected updates to not be applied.
[Script Updater] Failed to resolve 'Image' expression : Assets/Scripts/UI/Ugui/QdaoUguiFactory.cs (62,26). This may cause expected updates to not be applied.
[Script Updater] Failed to resolve 'Image' expression : Assets/Scripts/UI/Ugui/QdaoUguiFactory.cs (100,57). This may cause expected updates to not be applied.
[Script Updater] Failed to resolve 'None' expression : Assets/Scripts/UI/Ugui/QdaoUguiFactory.cs (106,55). This may cause expected updates to not be applied.
[Script Updater] Failed to resolve 'None' expression : Assets/Scripts/UI/Ugui/QdaoUguiFactory.cs (107,73). This may cause expected updates to not be applied.
[Script Updater] Failed to resolve 'Image' expression : Assets/Scripts/UI/Ugui/QdaoUguiFactory.cs (121,57). This may cause expected updates to not be applied.
[ApiUpdater] Total time: 862ms, Parse response file: 42ms, Collect updater configs: 70ms, Update: 750ms, Save: 0ms Files: 0 modified / 4 visited / 75 total (Library/Bee/artifacts/1900b0aE.dag/MmorpgClient.dll).
Starting: C:\Program Files\Unity\Hub\Editor\6000.5.8f1\Editor\Data\netcorerun\netcorerun.exe "C:\Program Files\Unity\Hub\Editor\6000.5.8f1\Editor\Data\Tools\BuildPipeline\ScriptCompilationBuildProgram.exe" "Library/Bee/1900b0aE.dag.json" "Library/Bee/1900b0aE-inputdata.json" "Library\Bee\buildprogram0.traceevents"
WorkingDir: E:/work/mmorpg-client
ExitCode: 0 Duration: 0s201ms
Starting: C:\Program Files\Unity\Hub\Editor\6000.5.8f1\Editor\Data\Tools\BuildPipeline\bee_backend.exe --ipc --defer-dag-verification --dagfile="Library/Bee/1900b0aE.dag" --continue-on-failure --dagfilejson="Library\Bee\1900b0aE.dag.json" --profile="Library/Bee/backend2.traceevents" ScriptAssemblies
WorkingDir: E:/work/mmorpg-client
ExitCode: 0 Duration: 2s484ms
Finished compiling graph: 240 nodes, 2060 flattened edges (1948 ToBuild, 20 ToUse), maximum node priority 110
[157/237    0s] WriteText Library/Bee/artifacts/1900b0aE.dag/UnityEngine.UI.rsp2
[160/237    0s] WriteText Library/Bee/artifacts/1900b0aE.dag/UnityEditor.UI.UnityAdditionalFile.txt
[161/237    0s] WriteText Library/Bee/artifacts/1900b0aE.dag/UnityEngine.UI.dll.mvfrm.rsp
[162/237    0s] WriteText Library/Bee/artifacts/1900b0aE.dag/UnityEditor.UI.rsp2
[163/237    0s] WriteText Library/Bee/artifacts/1900b0aE.dag/UnityEngine.UI.rsp
[164/237    0s] WriteText Library/Bee/artifacts/1900b0aE.dag/UnityEngine.UI.UnityAdditionalFile.txt
[165/237    0s] WriteText Library/Bee/artifacts/1900b0aE.dag/UnityEditor.UI.dll.mvfrm.rsp
[166/237    0s] WriteText Library/Bee/artifacts/1900b0aE.dag/Unity.InternalAPIEngineBridge.004.rsp2
[167/237    0s] WriteText Library/Bee/artifacts/1900b0aE.dag/Unity.InternalAPIEngineBridge.004.UnityAdditionalFile.txt
[168/237    0s] WriteText Library/Bee/artifacts/1900b0aE.dag/UnityEditor.UI.rsp
[169/237    0s] WriteText Library/Bee/artifacts/1900b0aE.dag/Unity.TextMeshPro.dll.mvfrm.rsp
[170/237    0s] WriteText Library/Bee/artifacts/1900b0aE.dag/Unity.TextMeshPro.UnityAdditionalFile.txt
[171/237    0s] WriteText Library/Bee/artifacts/1900b0aE.dag/Unity.TextMeshPro.rsp2
[172/237    0s] WriteText Library/Bee/artifacts/1900b0aE.dag/Unity.InternalAPIEngineBridge.004.dll.mvfrm.rsp
[173/237    0s] WriteText Library/Bee/artifacts/1900b0aE.dag/FairyGUI.dll.mvfrm.rsp
[174/237    0s] WriteText Library/Bee/artifacts/1900b0aE.dag/Unity.TextMeshPro.Editor.dll.mvfrm.rsp
[175/237    0s] WriteText Library/Bee/artifacts/1900b0aE.dag/Unity.TextMeshPro.Editor.UnityAdditionalFile.txt
[176/237    0s] WriteText Library/Bee/artifacts/1900b0aE.dag/UnityEditor.UI.Analytics.rsp2
[177/237    0s] WriteText Library/Bee/artifacts/1900b0aE.dag/Unity.TextMeshPro.Editor.rsp2
[178/237    0s] WriteText Library/Bee/artifacts/1900b0aE.dag/Unity.TextMeshPro.rsp
[179/237    0s] WriteText Library/Bee/artifacts/1900b0aE.dag/UnityEditor.UI.Analytics.rsp
[180/237    0s] WriteText Library/Bee/artifacts/1900b0aE.dag/UnityEditor.UI.Analytics.UnityAdditionalFile.txt
[181/237    0s] WriteText Library/Bee/artifacts/1900b0aE.dag/Unity.TextMeshPro.Editor.rsp
[182/237    0s] WriteText Library/Bee/artifacts/1900b0aE.dag/Unity.InternalAPIEngineBridge.004.rsp
[183/237    0s] WriteText Library/Bee/artifacts/1900b0aE.dag/UnityEditor.UI.Analytics.dll.mvfrm.rsp
[184/237    0s] WriteText Library/Bee/artifacts/1900b0aE.dag/FairyGUI-Editor.rsp
[185/237    0s] WriteText Library/Bee/artifacts/1900b0aE.dag/Assembly-CSharp-Editor.dll.mvfrm.rsp
[186/237    0s] WriteText Library/Bee/artifacts/1900b0aE.dag/Assembly-CSharp-Editor.rsp
[187/237    0s] WriteText Library/Bee/artifacts/1900b0aE.dag/FairyGUI.rsp
[188/237    0s] WriteText Library/Bee/artifacts/1900b0aE.dag/MmorpgClient.rsp
[189/237    0s] WriteText Library/Bee/artifacts/1900b0aE.dag/FairyGUI-Editor.dll.mvfrm.rsp
[190/237    0s] WriteText Library/Bee/artifacts/1900b0aE.dag/MmorpgClient.dll.mvfrm.rsp
[191/237    0s] MovedFromExtractor-Combine Library/Bee/artifacts/1900b0aE.dag/UnityEngine.UI.dll.mvfrm
[191/237    0s] Csc Library/Bee/artifacts/1900b0aE.dag/UnityEngine.UI.dll (+2 others) [CacheHit 4ea6d63bd124d752a7f8a8def41b833f00000000000000000000000000000006]
[192/237    0s] Csc Library/Bee/artifacts/1900b0aE.dag/UnityEngine.UI.dll (+2 others)
[194/237    0s] CopyFiles Library/ScriptAssemblies/UnityEngine.UI.dll
[195/237    0s] CopyFiles Library/ScriptAssemblies/UnityEngine.UI.pdb
[196/237    0s] MovedFromExtractor Library/Bee/artifacts/mvdfrm/UnityEngine.UI.ref.dll_08FEAA520A2EFD60.mvfrm
[197/237    0s] MovedFromExtractor-Combine Library/Bee/artifacts/1900b0aE.dag/UnityEditor.UI.dll.mvfrm
[196/237    0s] Csc Library/Bee/artifacts/1900b0aE.dag/UnityEditor.UI.dll (+2 others) [CacheHit 11767b17757f8d6b7ac9a621308715a000000000000000000000000000000006]
[198/237    0s] Csc Library/Bee/artifacts/1900b0aE.dag/UnityEditor.UI.dll (+2 others)
[200/237    0s] CopyFiles Library/ScriptAssemblies/UnityEditor.UI.pdb
[201/237    0s] CopyFiles Library/ScriptAssemblies/UnityEditor.UI.dll
[202/237    0s] MovedFromExtractor Library/Bee/artifacts/mvdfrm/UnityEditor.UI.ref.dll_4C98D3F7040CD4F5.mvfrm
[203/237    0s] MovedFromExtractor-Combine Library/Bee/artifacts/1900b0aE.dag/Unity.InternalAPIEngineBridge.004.dll.mvfrm
[204/237    0s] MovedFromExtractor-Combine Library/Bee/artifacts/1900b0aE.dag/FairyGUI.dll.mvfrm
[205/237    0s] MovedFromExtractor-Combine Library/Bee/artifacts/1900b0aE.dag/FairyGUI-Editor.dll.mvfrm
[203/237    0s] Csc Library/Bee/artifacts/1900b0aE.dag/Unity.InternalAPIEngineBridge.004.dll (+2 others) [CacheHit b2bdd41d21c25e5761635445056d0c2800000000000000000000000000000006]
[206/237    0s] Csc Library/Bee/artifacts/1900b0aE.dag/Unity.InternalAPIEngineBridge.004.dll (+2 others)
[208/237    0s] CopyFiles Library/ScriptAssemblies/Unity.InternalAPIEngineBridge.004.dll
[209/237    0s] CopyFiles Library/ScriptAssemblies/Unity.InternalAPIEngineBridge.004.pdb
[210/237    0s] MovedFromExtractor Library/Bee/artifacts/mvdfrm/Unity.InternalAPIEngineBridge.004.ref.dll_9F91F1CFF2D20E26.mvfrm
[211/237    0s] MovedFromExtractor-Combine Library/Bee/artifacts/1900b0aE.dag/Unity.TextMeshPro.dll.mvfrm
[208/237    0s] Csc Library/Bee/artifacts/1900b0aE.dag/Unity.TextMeshPro.dll (+2 others) [CacheHit 43d91752e4090d083e4d6e8ce92c822400000000000000000000000000000006]
[212/237    0s] Csc Library/Bee/artifacts/1900b0aE.dag/Unity.TextMeshPro.dll (+2 others)
[214/237    0s] CopyFiles Library/ScriptAssemblies/Unity.TextMeshPro.pdb
[215/237    0s] CopyFiles Library/ScriptAssemblies/Unity.TextMeshPro.dll
[216/237    0s] MovedFromExtractor Library/Bee/artifacts/mvdfrm/Unity.TextMeshPro.ref.dll_84A4293DBDD182DB.mvfrm
[217/237    0s] MovedFromExtractor-Combine Library/Bee/artifacts/1900b0aE.dag/MmorpgClient.dll.mvfrm
[218/237    0s] MovedFromExtractor-Combine Library/Bee/artifacts/1900b0aE.dag/Unity.TextMeshPro.Editor.dll.mvfrm
[219/237    0s] MovedFromExtractor-Combine Library/Bee/artifacts/1900b0aE.dag/UnityEditor.UI.Analytics.dll.mvfrm
[215/237    0s] Csc Library/Bee/artifacts/1900b0aE.dag/Unity.TextMeshPro.Editor.dll (+2 others) [CacheHit 6fbbe29ab9418a07def39dcbf9983d9600000000000000000000000000000006]
[220/237    0s] Csc Library/Bee/artifacts/1900b0aE.dag/Unity.TextMeshPro.Editor.dll (+2 others)
[216/237    0s] Csc Library/Bee/artifacts/1900b0aE.dag/UnityEditor.UI.Analytics.dll (+2 others) [CacheHit ee2d9a5125eed946c1b5f1e8e9faebeb00000000000000000000000000000006]
[222/237    0s] Csc Library/Bee/artifacts/1900b0aE.dag/UnityEditor.UI.Analytics.dll (+2 others)
[224/237    0s] CopyFiles Library/ScriptAssemblies/Unity.TextMeshPro.Editor.pdb
[225/237    0s] CopyFiles Library/ScriptAssemblies/Unity.TextMeshPro.Editor.dll
[226/237    0s] CopyFiles Library/ScriptAssemblies/UnityEditor.UI.Analytics.pdb
[227/237    0s] CopyFiles Library/ScriptAssemblies/UnityEditor.UI.Analytics.dll
[228/237    0s] MovedFromExtractor Library/Bee/artifacts/mvdfrm/Unity.TextMeshPro.Editor.ref.dll_159E061D77A10B86.mvfrm
[229/237    0s] MovedFromExtractor Library/Bee/artifacts/mvdfrm/UnityEditor.UI.Analytics.ref.dll_3B64A5A3A726AD5D.mvfrm
[230/237    0s] MovedFromExtractor-Combine Library/Bee/artifacts/1900b0aE.dag/Assembly-CSharp-Editor.dll.mvfrm
[231/237    1s] Csc Library/Bee/artifacts/1900b0aE.dag/FairyGUI.dll (+2 others)
Assets\Plugins\FairyGUI\Runtime\Core\StageCamera.cs(125,46): warning CS0618: 'Object.FindFirstObjectByType<T>()' is obsolete: 'FindFirstObjectByType has been deprecated because it relies on instance ID ordering. Use FindAnyObjectByType instead, which does not depend on ordering.'

Assets\Plugins\FairyGUI\Runtime\Core\Stage.cs(255,34): warning CS0618: 'Object.FindFirstObjectByType<T>()' is obsolete: 'FindFirstObjectByType has been deprecated because it relies on instance ID ordering. Use FindAnyObjectByType instead, which does not depend on ordering.'

Assets\Plugins\FairyGUI\Runtime\UI\EMRenderSupport.cs(111,73): warning CS0618: 'FindObjectsSortMode' is obsolete: 'FindObjectsSortMode has been deprecated. Use the FindObjectsByType overloads that do not take a FindObjectsSortMode parameter.'

Assets\Plugins\FairyGUI\Runtime\UI\EMRenderSupport.cs(111,34): warning CS0618: 'Object.FindObjectsByType<T>(FindObjectsSortMode)' is obsolete: 'FindObjectsByType with FindObjectsSortMode parameter has been deprecated. Use FindObjectsByType<T>() or FindObjectsByType<T>(FindObjectsInactive) instead. InstanceID will be replaced in the future with EntityId and previous sort order cannot be maintained.'
[232/237    0s] CopyFiles Library/ScriptAssemblies/FairyGUI.dll
[233/237    0s] CopyFiles Library/ScriptAssemblies/FairyGUI.pdb
[234/237    0s] Csc Library/Bee/artifacts/1900b0aE.dag/FairyGUI-Editor.dll (+2 others)
[235/237    0s] CopyFiles Library/ScriptAssemblies/FairyGUI-Editor.dll
[236/237    0s] CopyFiles Library/ScriptAssemblies/FairyGUI-Editor.pdb
[237/237    0s] Csc Library/Bee/artifacts/1900b0aE.dag/MmorpgClient.dll (+2 others)
Assets\Scripts\UI\AppBootstrap.cs(249,62): warning CS0618: 'FindObjectsSortMode' is obsolete: 'FindObjectsSortMode has been deprecated. Use the FindObjectsByType overloads that do not take a FindObjectsSortMode parameter.'

Assets\Scripts\UI\AppBootstrap.cs(249,36): warning CS0618: 'Object.FindObjectsByType<T>(FindObjectsSortMode)' is obsolete: 'FindObjectsByType with FindObjectsSortMode parameter has been deprecated. Use FindObjectsByType<T>() or FindObjectsByType<T>(FindObjectsInactive) instead. InstanceID will be replaced in the future with EntityId and previous sort order cannot be maintained.'

Assets\Scripts\Game\GameClient.cs(513,47): warning CS0162: Unreachable code detected
[238/237    0s] CopyFiles Library/ScriptAssemblies/MmorpgClient.dll
[239/237    0s] CopyFiles Library/ScriptAssemblies/MmorpgClient.pdb
[240/237    0s] Csc Library/Bee/artifacts/1900b0aE.dag/Assembly-CSharp-Editor.dll (+2 others)
[241/237    0s] CopyFiles Library/ScriptAssemblies/Assembly-CSharp-Editor.dll
[242/237    0s] CopyFiles Library/ScriptAssemblies/Assembly-CSharp-Editor.pdb
*** Tundra build success (2.46 seconds), 72 items updated, 237 evaluated
Total cache size 2011028
Assets\Plugins\FairyGUI\Runtime\Core\StageCamera.cs(125,46): warning CS0618: 'Object.FindFirstObjectByType<T>()' is obsolete: 'FindFirstObjectByType has been deprecated because it relies on instance ID ordering. Use FindAnyObjectByType instead, which does not depend on ordering.'
Assets\Plugins\FairyGUI\Runtime\Core\Stage.cs(255,34): warning CS0618: 'Object.FindFirstObjectByType<T>()' is obsolete: 'FindFirstObjectByType has been deprecated because it relies on instance ID ordering. Use FindAnyObjectByType instead, which does not depend on ordering.'
Assets\Plugins\FairyGUI\Runtime\UI\EMRenderSupport.cs(111,73): warning CS0618: 'FindObjectsSortMode' is obsolete: 'FindObjectsSortMode has been deprecated. Use the FindObjectsByType overloads that do not take a FindObjectsSortMode parameter.'
Assets\Plugins\FairyGUI\Runtime\UI\EMRenderSupport.cs(111,34): warning CS0618: 'Object.FindObjectsByType<T>(FindObjectsSortMode)' is obsolete: 'FindObjectsByType with FindObjectsSortMode parameter has been deprecated. Use FindObjectsByType<T>() or FindObjectsByType<T>(FindObjectsInactive) instead. InstanceID will be replaced in the future with EntityId and previous sort order cannot be maintained.'
Assets\Scripts\UI\AppBootstrap.cs(249,62): warning CS0618: 'FindObjectsSortMode' is obsolete: 'FindObjectsSortMode has been deprecated. Use the FindObjectsByType overloads that do not take a FindObjectsSortMode parameter.'
Assets\Scripts\UI\AppBootstrap.cs(249,36): warning CS0618: 'Object.FindObjectsByType<T>(FindObjectsSortMode)' is obsolete: 'FindObjectsByType with FindObjectsSortMode parameter has been deprecated. Use FindObjectsByType<T>() or FindObjectsByType<T>(FindObjectsInactive) instead. InstanceID will be replaced in the future with EntityId and previous sort order cannot be maintained.'
Assets\Scripts\Game\GameClient.cs(513,47): warning CS0162: Unreachable code detected
Total cache size after purge 2011028, took 00:00:00.0123394
AssetDatabase: script compilation time: 4.412073s
Begin MonoManager ReloadAssembly
Native extension for WindowsStandalone target not found
ScheduleIndexationOnStartup MainProcess:True IndexOnStartup:True
Mono: successfully reloaded assembly
- Finished resetting the current domain, in  0.312 seconds
Domain Reload Profiling: 691ms
	BeginReloadAssembly (171ms)
		DisableScriptedObjects (32ms)
		CreateAndSetChildDomain (38ms)
	RebuildCommonClasses (7ms)
	RebuildNativeTypeToScriptingClass (11ms)
	initialDomainReloadingComplete (30ms)
	LoadAllAssembliesAndSetupDomain (158ms)
		LoadAssemblies (155ms)
		AnalyzeDomain (21ms)
			TypeCache.Refresh (14ms)
				TypeCache.ScanAssembly (10ms)
			BuildScriptInfoCaches (4ms)
	FinalizeReload (313ms)
		SetupLoadedEditorAssemblies (0ms)
			BeforeProcessingInitializeOnLoad (58ms)
			ProcessInitializeOnLoadAttributes (57ms)
			ProcessInitializeOnLoadMethodAttributes (55ms)
			AfterProcessingInitializeOnLoad (5ms)
		AwakeInstancesAfterBackupRestoration (22ms)
Starting new worker id: 0 with log in E:/work/mmorpg-client/Logs/AssetImportWorkerHW0.log
Launched and connected shader compiler UnityShaderCompiler.exe after 0.01 seconds

Asset Pipeline Refresh (id=5b27aeb9a2d1876469d9251f432d9d12): Total: 7.967 seconds - Initiated by InitialRefreshV2(ForceSynchronousImport)
	(Values over 0.05ms)
	Summary:
		Imports: total=0 (actual=0, local cache=0, cache server=0)
		Asset DB Process Time: managed=0 ms, native=430 ms
		Asset DB Callback time: managed=50 ms, native=2663 ms
		Scripting: domain reloads=1, domain reload time=398 ms, compile time=4414 ms, other=8 ms
		Project Asset Count: scripts=203, non-scripts=276
		Asset File Changes: new=541, changed=541, moved=0, deleted=0
		Scan Filter Count: 0
	InvokePackagesCallback: 2608.480ms
	ApplyChangesToAssetFolders: 0.665ms
	Scan: 39.952ms
	Collect global state as custom dependencies: 7.118ms
	OnSourceAssetsModified: 1.722ms
	CategorizeScriptCompilationAssets: 2.003ms
	ProcessAssetsWithTransientArtifactChanges: 7.302ms
	CategorizeAssets: 3.428ms
	CompileScripts: 4414.417ms
	ImportOutOfDateAssets: 328.328ms (318.274ms without children)
		UnloadImportedAssets: 0.123ms
		EnsureUptoDateAssetsAreRegisteredWithGuidPM: 0.067ms
		ImportSchedulerStart: 9.858ms
	PostProcessAllAssets: 101.836ms
		ShaderAssetModifiedCallback 41.857ms
		AssemblyValidation.PostprocessAllAssets 1.299ms
		PostProcessCallbackCreateDeferredMaterials 1.246ms
		VCAutoAddAssetPostprocess 0.927ms
		VersionControlSettings.HiddenFilePostprocess 0.614ms
		ComputeShaderImportPostprocess 0.548ms
		RaytracingShaderImportPostprocess 0.356ms
		LocalizationDatabase.AssetDatabasePostprocessCallback 0.291ms
		SpeedTreeImporter.PostprocessAllAssets 0.262ms
		BlockShaderImporter.PostprocessAllAssets 0.208ms
		MonoPostProcessAllAssets: 49.778ms
			AssetPostprocessor.OnPostprocessAllAssets 17.879ms
			StyleCatalogPostProcessor.OnPostprocessAllAssets 8.180ms
			WindowAssetPostprocessingWatcher.OnPostprocessAllAssets 4.733ms
			BuilderAssetPostprocessor.OnPostprocessAllAssets 3.512ms
			TextAssetPostProcessor.OnPostprocessAllAssets 2.056ms
			AssetChangedListener.OnPostprocessAllAssets 1.998ms
			SyncVS.PostprocessSyncProject 0.993ms
			RetainedModeAssetPostprocessor.OnPostprocessAllAssets 0.821ms
			SpeedTree9Postprocessor.OnPostprocessAllAssets 0.690ms
			EditModeScopePostprocessor.OnPostprocessAllAssets 0.615ms
			ArtifactBrowserPostProcessor.OnPostprocessAllAssets 0.357ms
			ReferencedClipsPostProcessor.OnPostprocessAllAssets 0.202ms
			TMPro_TexturePostProcessor.OnPostprocessAllAssets 0.189ms
			TerrainToolbarOverlayPostProcessor.OnPostprocessAllAssets 0.179ms
			AudioMixerPostprocessor.OnPostprocessAllAssets 0.173ms
			AssetEvents.OnPostprocessAllAssets 0.163ms
			SpeedTreePostProcessor.OnPostprocessAllAssets 0.114ms
			AssetDatabaseCallbacks.OnPostprocessAllAssets 0.104ms
			ConfigAssetsTracker.OnPostprocessAllAssets 0.076ms
			ScenarioDriftAssetsTracker.OnPostprocessAllAssets 0.069ms
			RenderPipelineGlobalSettingsPostprocessor.OnPostprocessAllAssets 0.067ms
	PostAssetChangesProfiler: 4.176ms
	UnloadStreamsBegin: 1.643ms
	GenerateScriptTypeHashes: 0.599ms
	GenerateScriptTypeSerializationHashes: 1.355ms
	Untracked: 441.960ms

Application.AssetDatabase Initial Refresh End
Scanning for USB devices : 5.157ms
Initializing Unity extensions:
[MODES] ModeService[none].Initialize
[MODES] ModeService[none].LoadModes
[MODES] Loading mode Default (0) for mode-current-id-unity
Unloading 26 Unused Serialized files (Serialized files now loaded: 0)
Unloading 637 unused Assets / (2.3 MB). Loaded Objects now: 1397.
Memory consumption went from 214.1 MB to 211.8 MB.
Total: 5.317900 ms (FindLiveObjects: 0.105500 ms CreateObjectMapping: 0.073700 ms MarkObjects: 4.163100 ms  DeleteObjects: 0.972600 ms)

Importing 'GUID: 5c613844eb9391847b56f2e8b2014864 - Path: Assets/Resources/UI/Ugui/Reference/q_daoist_login_clear_lidazui_headband_2560x1080.png' with importer (TextureImporter)
Imported 'GUID: 5c613844eb9391847b56f2e8b2014864' -> (Import Result ID: '6237235cfd9bdceb4db785c671200f72') in 0.093 seconds [static and dynamic dependencies]. Details - ImportResultOutputID=adde1ccc3d2970e85e4dcce985472e45 DependenciesID=023c7c5f58cd30445a653cdb692775b2 StaticDependenciesID=096952ff7518caa5c301ffd1fd6ed975 
Asset Pipeline Refresh (id=12869bec0baf23448b1500918bbbb40b): Total: 0.113 seconds - Initiated by StopAssetImportingV2(NoUpdateAssetOptions)
Importing 'GUID: 5c613844eb9391847b56f2e8b2014864 - Path: Assets/Resources/UI/Ugui/Reference/q_daoist_login_clear_lidazui_headband_2560x1080.png' with importer (TextureImporter)
Imported 'GUID: 5c613844eb9391847b56f2e8b2014864' -> (Import Result ID: '6237235cfd9bdceb4db785c671200f72') in 0.082 seconds [static and dynamic dependencies]. Details - ImportResultOutputID=adde1ccc3d2970e85e4dcce985472e45 DependenciesID=023c7c5f58cd30445a653cdb692775b2 StaticDependenciesID=096952ff7518caa5c301ffd1fd6ed975 
Asset Pipeline Refresh (id=85d302b4a0ce9d14c956bde1ccc98770): Total: 0.092 seconds - Initiated by StopAssetImportingV2(NoUpdateAssetOptions)
Asset Pipeline Refresh (id=da47623b17035124b81b51c273d73e5e): Total: 0.004 seconds - Initiated by StopAssetImportingV2(NoUpdateAssetOptions)
Importing 'GUID: ff84b6a7f0f83b84fb9ef95becef729f - Path: Assets/Resources/Fonts/SimKai SDF.asset' with importer (NativeFormatImporter)
Imported 'GUID: ff84b6a7f0f83b84fb9ef95becef729f' -> (Import Result ID: '1149a2239f54cd2110a51813afd1a508') in 0.004 seconds [static dependencies only]. Details - ImportResultOutputID=c4a83e978d58d619e601ff22c89fa39e DependenciesID=9dac933d6654b28a465918ab3dda86ee StaticDependenciesID=1569a2474b79914e774a3a1d21aecbeb 
Asset Pipeline Refresh (id=9e2a115d4a920484699d049d7b5ab1aa): Total: 0.019 seconds - Initiated by StopAssetImportingV2(NoUpdateAssetOptions)
Asset Pipeline Refresh (id=7e2551a0f74c4fd4e99b84d29df0c3f9): Total: 0.005 seconds - Initiated by RefreshV2(ForceUpdate)
[QdaoUguiBuilder] Built Assets/Resources/UI/Ugui/Prefabs/QdaoServerSelect.prefab
UnityEngine.Debug:ExtractStackTraceNoAlloc (byte*,int,string)
UnityEngine.StackTraceUtility:ExtractStackTrace ()
UnityEngine.DebugLogHandler:Internal_Log (UnityEngine.LogType,UnityEngine.LogOption,string,UnityEngine.Object)
UnityEngine.DebugLogHandler:LogFormat (UnityEngine.LogType,UnityEngine.Object,string,object[])
UnityEngine.Logger:Log (UnityEngine.LogType,object)
UnityEngine.Debug:Log (object)
MmorpgClient.UI.EditorTools.QdaoUguiBuilder:BuildAll () (at Assets/Editor/QdaoUguiBuilder.cs:40)
MmorpgClient.UI.EditorTools.QdaoUguiBuilder:BuildAndCapture () (at Assets/Editor/QdaoUguiBuilder.cs:46)

(Filename: Assets/Editor/QdaoUguiBuilder.cs Line: 40)

[QdaoUguiBuilder] Capture written: E:\work\image\ugui_qdao_headband_2560x1080.png
UnityEngine.Debug:ExtractStackTraceNoAlloc (byte*,int,string)
UnityEngine.StackTraceUtility:ExtractStackTrace ()
UnityEngine.DebugLogHandler:Internal_Log (UnityEngine.LogType,UnityEngine.LogOption,string,UnityEngine.Object)
UnityEngine.DebugLogHandler:LogFormat (UnityEngine.LogType,UnityEngine.Object,string,object[])
UnityEngine.Logger:Log (UnityEngine.LogType,object)
UnityEngine.Debug:Log (object)
MmorpgClient.UI.EditorTools.QdaoUguiBuilder:CapturePreview () (at Assets/Editor/QdaoUguiBuilder.cs:218)
MmorpgClient.UI.EditorTools.QdaoUguiBuilder:BuildAndCapture () (at Assets/Editor/QdaoUguiBuilder.cs:47)

(Filename: Assets/Editor/QdaoUguiBuilder.cs Line: 218)

Batchmode quit successfully invoked - shutting down!
Clearing [SimKai SDF] dynamic font asset data.
UnityEngine.Debug:ExtractStackTraceNoAlloc (byte*,int,string)
UnityEngine.StackTraceUtility:ExtractStackTrace ()
UnityEngine.DebugLogHandler:Internal_Log (UnityEngine.LogType,UnityEngine.LogOption,string,UnityEngine.Object)
UnityEngine.DebugLogHandler:LogFormat (UnityEngine.LogType,UnityEngine.Object,string,object[])
UnityEngine.Logger:Log (UnityEngine.LogType,object)
UnityEngine.Debug:Log (object)
TMPro.EditorEventCallbacks/<>c:<InitializeFontAssetResourceChangeCallBacks>b__0_0 () (at ./Library/PackageCache/com.unity.ugui@1c4864518158/Editor/TMP/TMP_EditorResourceManager.cs:36)
UnityEditor.EditorApplication:Internal_EditorApplicationQuit ()

(Filename: ./Library/PackageCache/com.unity.ugui@1c4864518158/Editor/TMP/TMP_EditorResourceManager.cs Line: 36)

Importing 'GUID: ff84b6a7f0f83b84fb9ef95becef729f - Path: Assets/Resources/Fonts/SimKai SDF.asset' with importer (NativeFormatImporter)
Imported 'GUID: ff84b6a7f0f83b84fb9ef95becef729f' -> (Import Result ID: 'a56f35054774479b01d5ca1e3de221b2') in 0.003 seconds [static dependencies only]. Details - ImportResultOutputID=c4a83e978d58d619e601ff22c89fa39e DependenciesID=155d76b537e2a650f41aa0949b1c74a4 StaticDependenciesID=cec13561b0769236cb59c4691ce252c7 
Asset Pipeline Refresh (id=0d1260c99cf104b4985ee573b9f890f7): Total: 0.013 seconds - Initiated by StopAssetImportingV2(NoUpdateAssetOptions)
[Physics::Module] Cleanup current backend.
[Physics::Module] Id: 0xf2b8ea05
Input System module state changed to: ShutdownInProgress.
Input Polling Thread exited.
Input System module state changed to: Shutdown.
[Licensing::IpcConnector] LicenseClient-luyua-notifications channel disconnected successfully.
[Licensing::IpcConnector] LicenseClient-luyua channel disconnected successfully.
AcceleratorClientConnectionCallback - disconnected - :0
Cleanup mono
CodeReloadManager destroyed
Exiting batchmode successfully now!
Exiting without the bug reporter. Application will terminate with return code 0