Mono path[0] = 'E:/work/tmp/showcase_player/mmorpg_Data/Managed'
Mono config path = 'E:/work/tmp/showcase_player/MonoBleedingEdge/etc'
CodeReloadManager initialized
Found 3 interfaces on host : 0) 192.168.112.1 1) 198.0.2.1 2) 192.168.43.7
Player connection [52072]  Target information:

Player connection [52072]  * "[IP] 192.168.112.1 [Port] 55000 [Flags] 2 [Guid] 806887645 [EditorId] 1475832052 [Version] 1048832 [Id] WindowsPlayer(2,luyuan) [Debug] 0 [PackageName] WindowsPlayer [ProjectName] unity" 

Player connection [52072]  * "[IP] 198.0.2.1 [Port] 55000 [Flags] 2 [Guid] 806887645 [EditorId] 1475832052 [Version] 1048832 [Id] WindowsPlayer(2,luyuan) [Debug] 0 [PackageName] WindowsPlayer [ProjectName] unity" 

Player connection [52072]  * "[IP] 192.168.43.7 [Port] 55000 [Flags] 2 [Guid] 806887645 [EditorId] 1475832052 [Version] 1048832 [Id] WindowsPlayer(2,luyuan) [Debug] 0 [PackageName] WindowsPlayer [ProjectName] unity" 

Player connection [52072] Started UDP target info broadcast (1) on [225.0.0.222:54997].

Input System module state changed to: Initialized.
[Physics::Module] Initialized fallback backend.
[Physics::Module] Id: 0xdecafbad
Initialize engine version: 6000.5.8f1 (5cb7df797b7d)
[Subsystems] Discovering subsystems at path E:/work/tmp/showcase_player/mmorpg_Data/UnitySubsystems
[D3D12 Device Filter] Vendor Name: NVIDIA
[D3D12 Device Filter] Device Name: NVIDIA GeForce RTX 5070 Ti Laptop GPU
[D3D12 Device Filter] Driver Version: 32.0.15.9186
[D3D12 Device Filter] Feature Level: 12.2
[D3D12 Device Filter] Graphics Memory: 11944 MB
[D3D12 Device Filter] Processor Count: 32
[D3D12 Device Filter] Device Type: Discrete
GfxDevice: creating device client; kGfxThreadingModeSplitJobs
d3d12: failed to query info queue interface (0x80004002).
Direct3D:
    Version:         Direct3D 12 [level 12.2]
    Renderer:        NVIDIA GeForce RTX 5070 Ti Laptop GPU (ID=0x2f18)
    Vendor:          NVIDIA
    VRAM:            11944 MB
    App VRAM Budget: 11176 MB
    Driver:          32.0.15.9186
Begin MonoManager ReloadAssembly
- Finished resetting the current domain, in  0.021 seconds
[Physics::Module] Selected backend.
[Physics::Module] Name: PhysX
[Physics::Module] Id: 0xf2b8ea05
[Physics::Module] SDK Version: 4.1.2
[Physics::Module] Integration Version: 1.0.0
[Physics::Module] Threading Mode: Multi-Threaded
<RI> Initializing input.
<RI> Input initialized.
UnloadTime: 1.032500 ms
[AppBootstrap] Awake (uGUI migration mode)
UnityEngine.Debug:ExtractStackTraceNoAlloc (byte*,int,string)
UnityEngine.StackTraceUtility:ExtractStackTrace () (at C:/build/output/unity/unity/Runtime/Export/Scripting/StackTrace.cs:35)
UnityEngine.DebugLogHandler:Internal_Log (UnityEngine.LogType,UnityEngine.LogOption,string,UnityEngine.Object)
UnityEngine.DebugLogHandler:LogFormat (UnityEngine.LogType,UnityEngine.Object,string,object[]) (at C:/build/output/unity/unity/Runtime/Export/Logging/DebugLogHandler.cs:9)
UnityEngine.Logger:Log (UnityEngine.LogType,object) (at C:/build/output/unity/unity/Runtime/Export/Logging/Logger.cs:60)
UnityEngine.Debug:Log (object) (at C:/build/output/unity/unity/Runtime/Export/Debug/Debug.bindings.cs:123)
MmorpgClient.UI.AppBootstrap:Awake () (at E:/work/tmp/shotverify_project/Assets/Scripts/UI/AppBootstrap.cs:98)

(Filename: C:/build/output/unity/unity/Runtime/Export/Debug/Debug.bindings.cs Line: 123)

[AppBootstrap] uGUI server-select vertical slice active
UnityEngine.Debug:ExtractStackTraceNoAlloc (byte*,int,string)
UnityEngine.StackTraceUtility:ExtractStackTrace () (at C:/build/output/unity/unity/Runtime/Export/Scripting/StackTrace.cs:35)
UnityEngine.DebugLogHandler:Internal_Log (UnityEngine.LogType,UnityEngine.LogOption,string,UnityEngine.Object)
UnityEngine.DebugLogHandler:LogFormat (UnityEngine.LogType,UnityEngine.Object,string,object[]) (at C:/build/output/unity/unity/Runtime/Export/Logging/DebugLogHandler.cs:9)
UnityEngine.Logger:Log (UnityEngine.LogType,object) (at C:/build/output/unity/unity/Runtime/Export/Logging/Logger.cs:60)
UnityEngine.Debug:Log (object) (at C:/build/output/unity/unity/Runtime/Export/Debug/Debug.bindings.cs:123)
MmorpgClient.UI.Ugui.QdaoUguiRuntime:Create (MmorpgClient.UI.AppBootstrap) (at E:/work/tmp/shotverify_project/Assets/Scripts/UI/Ugui/QdaoUguiRuntime.cs:64)
MmorpgClient.UI.AppBootstrap:Awake () (at E:/work/tmp/shotverify_project/Assets/Scripts/UI/AppBootstrap.cs:101)

(Filename: C:/build/output/unity/unity/Runtime/Export/Debug/Debug.bindings.cs Line: 123)

[AutoPilot][MoveRecovery] stage=login zone=1 account=robot_move_self_20260905_0734 gateway=http://127.0.0.1:8081 autoQueue=- battleConfig=default autoBattle=False quitOnBattleEnd=False timeouts(login/queue/battle)=30/60/180s
UnityEngine.Debug:ExtractStackTraceNoAlloc (byte*,int,string)
UnityEngine.StackTraceUtility:ExtractStackTrace () (at C:/build/output/unity/unity/Runtime/Export/Scripting/StackTrace.cs:35)
UnityEngine.DebugLogHandler:Internal_Log (UnityEngine.LogType,UnityEngine.LogOption,string,UnityEngine.Object)
UnityEngine.DebugLogHandler:LogFormat (UnityEngine.LogType,UnityEngine.Object,string,object[]) (at C:/build/output/unity/unity/Runtime/Export/Logging/DebugLogHandler.cs:9)
UnityEngine.Logger:Log (UnityEngine.LogType,object) (at C:/build/output/unity/unity/Runtime/Export/Logging/Logger.cs:60)
UnityEngine.Debug:Log (object) (at C:/build/output/unity/unity/Runtime/Export/Debug/Debug.bindings.cs:123)
MmorpgClient.App.DevAutoPilot:Log (string) (at E:/work/tmp/shotverify_project/Assets/Scripts/App/DevAutoPilot.cs:483)
MmorpgClient.App.DevAutoPilot:Start () (at E:/work/tmp/shotverify_project/Assets/Scripts/App/DevAutoPilot.cs:277)

(Filename: C:/build/output/unity/unity/Runtime/Export/Debug/Debug.bindings.cs Line: 123)

[GameClient] 正在登录账号…
UnityEngine.Debug:ExtractStackTraceNoAlloc (byte*,int,string)
UnityEngine.StackTraceUtility:ExtractStackTrace () (at C:/build/output/unity/unity/Runtime/Export/Scripting/StackTrace.cs:35)
UnityEngine.DebugLogHandler:Internal_Log (UnityEngine.LogType,UnityEngine.LogOption,string,UnityEngine.Object)
UnityEngine.DebugLogHandler:LogFormat (UnityEngine.LogType,UnityEngine.Object,string,object[]) (at C:/build/output/unity/unity/Runtime/Export/Logging/DebugLogHandler.cs:9)
UnityEngine.Logger:Log (UnityEngine.LogType,object) (at C:/build/output/unity/unity/Runtime/Export/Logging/Logger.cs:60)
UnityEngine.Debug:Log (object) (at C:/build/output/unity/unity/Runtime/Export/Debug/Debug.bindings.cs:123)
MmorpgClient.UI.AppBootstrap/<>c:<Awake>b__41_0 (string) (at E:/work/tmp/shotverify_project/Assets/Scripts/UI/AppBootstrap.cs:87)
MmorpgClient.Game.GameClient:Log (string) (at E:/work/tmp/shotverify_project/Assets/Scripts/Game/GameClient.cs:1059)
MmorpgClient.Game.GameClient:Status (string) (at E:/work/tmp/shotverify_project/Assets/Scripts/Game/GameClient.cs:1060)
MmorpgClient.Game.GameClient/<EnterZone>d__90:MoveNext () (at E:/work/tmp/shotverify_project/Assets/Scripts/Game/GameClient.cs:207)
UnityEngine.SetupCoroutine:InvokeMoveNext (System.Collections.IEnumerator,intptr) (at C:/build/output/unity/unity/Runtime/Export/Scripting/Coroutines.cs:17)
UnityEngine.MonoBehaviour:StartCoroutineManaged2 (System.Collections.IEnumerator)
UnityEngine.MonoBehaviour:StartCoroutine (System.Collections.IEnumerator) (at C:/build/output/unity/unity/Runtime/Export/Scripting/MonoBehaviour.bindings.cs:114)
MmorpgClient.UI.AppBootstrap:Run (System.Collections.IEnumerator) (at E:/work/tmp/shotverify_project/Assets/Scripts/UI/AppBootstrap.cs:145)
MmorpgClient.App.DevAutoPilot:Start () (at E:/work/tmp/shotverify_project/Assets/Scripts/App/DevAutoPilot.cs:291)

(Filename: C:/build/output/unity/unity/Runtime/Export/Debug/Debug.bindings.cs Line: 123)

[GameClient] http login ok, players=1
UnityEngine.Debug:ExtractStackTraceNoAlloc (byte*,int,string)
UnityEngine.StackTraceUtility:ExtractStackTrace () (at C:/build/output/unity/unity/Runtime/Export/Scripting/StackTrace.cs:35)
UnityEngine.DebugLogHandler:Internal_Log (UnityEngine.LogType,UnityEngine.LogOption,string,UnityEngine.Object)
UnityEngine.DebugLogHandler:LogFormat (UnityEngine.LogType,UnityEngine.Object,string,object[]) (at C:/build/output/unity/unity/Runtime/Export/Logging/DebugLogHandler.cs:9)
UnityEngine.Logger:Log (UnityEngine.LogType,object) (at C:/build/output/unity/unity/Runtime/Export/Logging/Logger.cs:60)
UnityEngine.Debug:Log (object) (at C:/build/output/unity/unity/Runtime/Export/Debug/Debug.bindings.cs:123)
MmorpgClient.UI.AppBootstrap/<>c:<Awake>b__41_0 (string) (at E:/work/tmp/shotverify_project/Assets/Scripts/UI/AppBootstrap.cs:87)
MmorpgClient.Game.GameClient:Log (string) (at E:/work/tmp/shotverify_project/Assets/Scripts/Game/GameClient.cs:1059)
MmorpgClient.Game.GameClient/<EnterZone>d__90:MoveNext () (at E:/work/tmp/shotverify_project/Assets/Scripts/Game/GameClient.cs:242)
UnityEngine.SetupCoroutine:InvokeMoveNext (System.Collections.IEnumerator,intptr) (at C:/build/output/unity/unity/Runtime/Export/Scripting/Coroutines.cs:17)

(Filename: C:/build/output/unity/unity/Runtime/Export/Debug/Debug.bindings.cs Line: 123)

[GameClient] 正在分配服务器…
UnityEngine.Debug:ExtractStackTraceNoAlloc (byte*,int,string)
UnityEngine.StackTraceUtility:ExtractStackTrace () (at C:/build/output/unity/unity/Runtime/Export/Scripting/StackTrace.cs:35)
UnityEngine.DebugLogHandler:Internal_Log (UnityEngine.LogType,UnityEngine.LogOption,string,UnityEngine.Object)
UnityEngine.DebugLogHandler:LogFormat (UnityEngine.LogType,UnityEngine.Object,string,object[]) (at C:/build/output/unity/unity/Runtime/Export/Logging/DebugLogHandler.cs:9)
UnityEngine.Logger:Log (UnityEngine.LogType,object) (at C:/build/output/unity/unity/Runtime/Export/Logging/Logger.cs:60)
UnityEngine.Debug:Log (object) (at C:/build/output/unity/unity/Runtime/Export/Debug/Debug.bindings.cs:123)
MmorpgClient.UI.AppBootstrap/<>c:<Awake>b__41_0 (string) (at E:/work/tmp/shotverify_project/Assets/Scripts/UI/AppBootstrap.cs:87)
MmorpgClient.Game.GameClient:Log (string) (at E:/work/tmp/shotverify_project/Assets/Scripts/Game/GameClient.cs:1059)
MmorpgClient.Game.GameClient:Status (string) (at E:/work/tmp/shotverify_project/Assets/Scripts/Game/GameClient.cs:1060)
MmorpgClient.Game.GameClient/<EnterZone>d__90:MoveNext () (at E:/work/tmp/shotverify_project/Assets/Scripts/Game/GameClient.cs:245)
UnityEngine.SetupCoroutine:InvokeMoveNext (System.Collections.IEnumerator,intptr) (at C:/build/output/unity/unity/Runtime/Export/Scripting/Coroutines.cs:17)

(Filename: C:/build/output/unity/unity/Runtime/Export/Debug/Debug.bindings.cs Line: 123)

[GameClient] assigned gate 192.168.43.7:10000
UnityEngine.Debug:ExtractStackTraceNoAlloc (byte*,int,string)
UnityEngine.StackTraceUtility:ExtractStackTrace () (at C:/build/output/unity/unity/Runtime/Export/Scripting/StackTrace.cs:35)
UnityEngine.DebugLogHandler:Internal_Log (UnityEngine.LogType,UnityEngine.LogOption,string,UnityEngine.Object)
UnityEngine.DebugLogHandler:LogFormat (UnityEngine.LogType,UnityEngine.Object,string,object[]) (at C:/build/output/unity/unity/Runtime/Export/Logging/DebugLogHandler.cs:9)
UnityEngine.Logger:Log (UnityEngine.LogType,object) (at C:/build/output/unity/unity/Runtime/Export/Logging/Logger.cs:60)
UnityEngine.Debug:Log (object) (at C:/build/output/unity/unity/Runtime/Export/Debug/Debug.bindings.cs:123)
MmorpgClient.UI.AppBootstrap/<>c:<Awake>b__41_0 (string) (at E:/work/tmp/shotverify_project/Assets/Scripts/UI/AppBootstrap.cs:87)
MmorpgClient.Game.GameClient:Log (string) (at E:/work/tmp/shotverify_project/Assets/Scripts/Game/GameClient.cs:1059)
MmorpgClient.Game.GameClient/<EnterZone>d__90:MoveNext () (at E:/work/tmp/shotverify_project/Assets/Scripts/Game/GameClient.cs:298)
UnityEngine.SetupCoroutine:InvokeMoveNext (System.Collections.IEnumerator,intptr) (at C:/build/output/unity/unity/Runtime/Export/Scripting/Coroutines.cs:17)

(Filename: C:/build/output/unity/unity/Runtime/Export/Debug/Debug.bindings.cs Line: 123)

[GameClient] 正在连接服务器…
UnityEngine.Debug:ExtractStackTraceNoAlloc (byte*,int,string)
UnityEngine.StackTraceUtility:ExtractStackTrace () (at C:/build/output/unity/unity/Runtime/Export/Scripting/StackTrace.cs:35)
UnityEngine.DebugLogHandler:Internal_Log (UnityEngine.LogType,UnityEngine.LogOption,string,UnityEngine.Object)
UnityEngine.DebugLogHandler:LogFormat (UnityEngine.LogType,UnityEngine.Object,string,object[]) (at C:/build/output/unity/unity/Runtime/Export/Logging/DebugLogHandler.cs:9)
UnityEngine.Logger:Log (UnityEngine.LogType,object) (at C:/build/output/unity/unity/Runtime/Export/Logging/Logger.cs:60)
UnityEngine.Debug:Log (object) (at C:/build/output/unity/unity/Runtime/Export/Debug/Debug.bindings.cs:123)
MmorpgClient.UI.AppBootstrap/<>c:<Awake>b__41_0 (string) (at E:/work/tmp/shotverify_project/Assets/Scripts/UI/AppBootstrap.cs:87)
MmorpgClient.Game.GameClient:Log (string) (at E:/work/tmp/shotverify_project/Assets/Scripts/Game/GameClient.cs:1059)
MmorpgClient.Game.GameClient:Status (string) (at E:/work/tmp/shotverify_project/Assets/Scripts/Game/GameClient.cs:1060)
MmorpgClient.Game.GameClient/<ConnectAndEnter>d__91:MoveNext () (at E:/work/tmp/shotverify_project/Assets/Scripts/Game/GameClient.cs:317)
UnityEngine.SetupCoroutine:InvokeMoveNext (System.Collections.IEnumerator,intptr) (at C:/build/output/unity/unity/Runtime/Export/Scripting/Coroutines.cs:17)

(Filename: C:/build/output/unity/unity/Runtime/Export/Debug/Debug.bindings.cs Line: 123)

[GameClient] gate token verified
UnityEngine.Debug:ExtractStackTraceNoAlloc (byte*,int,string)
UnityEngine.StackTraceUtility:ExtractStackTrace () (at C:/build/output/unity/unity/Runtime/Export/Scripting/StackTrace.cs:35)
UnityEngine.DebugLogHandler:Internal_Log (UnityEngine.LogType,UnityEngine.LogOption,string,UnityEngine.Object)
UnityEngine.DebugLogHandler:LogFormat (UnityEngine.LogType,UnityEngine.Object,string,object[]) (at C:/build/output/unity/unity/Runtime/Export/Logging/DebugLogHandler.cs:9)
UnityEngine.Logger:Log (UnityEngine.LogType,object) (at C:/build/output/unity/unity/Runtime/Export/Logging/Logger.cs:60)
UnityEngine.Debug:Log (object) (at C:/build/output/unity/unity/Runtime/Export/Debug/Debug.bindings.cs:123)
MmorpgClient.UI.AppBootstrap/<>c:<Awake>b__41_0 (string) (at E:/work/tmp/shotverify_project/Assets/Scripts/UI/AppBootstrap.cs:87)
MmorpgClient.Game.GameClient:Log (string) (at E:/work/tmp/shotverify_project/Assets/Scripts/Game/GameClient.cs:1059)
MmorpgClient.Game.GameClient/<ConnectAndEnter>d__91:MoveNext () (at E:/work/tmp/shotverify_project/Assets/Scripts/Game/GameClient.cs:347)
UnityEngine.SetupCoroutine:InvokeMoveNext (System.Collections.IEnumerator,intptr) (at C:/build/output/unity/unity/Runtime/Export/Scripting/Coroutines.cs:17)

(Filename: C:/build/output/unity/unity/Runtime/Export/Debug/Debug.bindings.cs Line: 123)

[GameClient] 正在验证会话…
UnityEngine.Debug:ExtractStackTraceNoAlloc (byte*,int,string)
UnityEngine.StackTraceUtility:ExtractStackTrace () (at C:/build/output/unity/unity/Runtime/Export/Scripting/StackTrace.cs:35)
UnityEngine.DebugLogHandler:Internal_Log (UnityEngine.LogType,UnityEngine.LogOption,string,UnityEngine.Object)
UnityEngine.DebugLogHandler:LogFormat (UnityEngine.LogType,UnityEngine.Object,string,object[]) (at C:/build/output/unity/unity/Runtime/Export/Logging/DebugLogHandler.cs:9)
UnityEngine.Logger:Log (UnityEngine.LogType,object) (at C:/build/output/unity/unity/Runtime/Export/Logging/Logger.cs:60)
UnityEngine.Debug:Log (object) (at C:/build/output/unity/unity/Runtime/Export/Debug/Debug.bindings.cs:123)
MmorpgClient.UI.AppBootstrap/<>c:<Awake>b__41_0 (string) (at E:/work/tmp/shotverify_project/Assets/Scripts/UI/AppBootstrap.cs:87)
MmorpgClient.Game.GameClient:Log (string) (at E:/work/tmp/shotverify_project/Assets/Scripts/Game/GameClient.cs:1059)
MmorpgClient.Game.GameClient:Status (string) (at E:/work/tmp/shotverify_project/Assets/Scripts/Game/GameClient.cs:1060)
MmorpgClient.Game.GameClient/<ConnectAndEnter>d__91:MoveNext () (at E:/work/tmp/shotverify_project/Assets/Scripts/Game/GameClient.cs:353)
UnityEngine.SetupCoroutine:InvokeMoveNext (System.Collections.IEnumerator,intptr) (at C:/build/output/unity/unity/Runtime/Export/Scripting/Coroutines.cs:17)

(Filename: C:/build/output/unity/unity/Runtime/Export/Debug/Debug.bindings.cs Line: 123)

[GameClient] session login ok, players=1
UnityEngine.Debug:ExtractStackTraceNoAlloc (byte*,int,string)
UnityEngine.StackTraceUtility:ExtractStackTrace () (at C:/build/output/unity/unity/Runtime/Export/Scripting/StackTrace.cs:35)
UnityEngine.DebugLogHandler:Internal_Log (UnityEngine.LogType,UnityEngine.LogOption,string,UnityEngine.Object)
UnityEngine.DebugLogHandler:LogFormat (UnityEngine.LogType,UnityEngine.Object,string,object[]) (at C:/build/output/unity/unity/Runtime/Export/Logging/DebugLogHandler.cs:9)
UnityEngine.Logger:Log (UnityEngine.LogType,object) (at C:/build/output/unity/unity/Runtime/Export/Logging/Logger.cs:60)
UnityEngine.Debug:Log (object) (at C:/build/output/unity/unity/Runtime/Export/Debug/Debug.bindings.cs:123)
MmorpgClient.UI.AppBootstrap/<>c:<Awake>b__41_0 (string) (at E:/work/tmp/shotverify_project/Assets/Scripts/UI/AppBootstrap.cs:87)
MmorpgClient.Game.GameClient:Log (string) (at E:/work/tmp/shotverify_project/Assets/Scripts/Game/GameClient.cs:1059)
MmorpgClient.Game.GameClient/<ConnectAndEnter>d__91:MoveNext () (at E:/work/tmp/shotverify_project/Assets/Scripts/Game/GameClient.cs:368)
UnityEngine.SetupCoroutine:InvokeMoveNext (System.Collections.IEnumerator,intptr) (at C:/build/output/unity/unity/Runtime/Export/Scripting/Coroutines.cs:17)

(Filename: C:/build/output/unity/unity/Runtime/Export/Debug/Debug.bindings.cs Line: 123)

[GameClient] 正在进入游戏…
UnityEngine.Debug:ExtractStackTraceNoAlloc (byte*,int,string)
UnityEngine.StackTraceUtility:ExtractStackTrace () (at C:/build/output/unity/unity/Runtime/Export/Scripting/StackTrace.cs:35)
UnityEngine.DebugLogHandler:Internal_Log (UnityEngine.LogType,UnityEngine.LogOption,string,UnityEngine.Object)
UnityEngine.DebugLogHandler:LogFormat (UnityEngine.LogType,UnityEngine.Object,string,object[]) (at C:/build/output/unity/unity/Runtime/Export/Logging/DebugLogHandler.cs:9)
UnityEngine.Logger:Log (UnityEngine.LogType,object) (at C:/build/output/unity/unity/Runtime/Export/Logging/Logger.cs:60)
UnityEngine.Debug:Log (object) (at C:/build/output/unity/unity/Runtime/Export/Debug/Debug.bindings.cs:123)
MmorpgClient.UI.AppBootstrap/<>c:<Awake>b__41_0 (string) (at E:/work/tmp/shotverify_project/Assets/Scripts/UI/AppBootstrap.cs:87)
MmorpgClient.Game.GameClient:Log (string) (at E:/work/tmp/shotverify_project/Assets/Scripts/Game/GameClient.cs:1059)
MmorpgClient.Game.GameClient:Status (string) (at E:/work/tmp/shotverify_project/Assets/Scripts/Game/GameClient.cs:1060)
MmorpgClient.Game.GameClient/<EnterGameAndWaitScene>d__93:MoveNext () (at E:/work/tmp/shotverify_project/Assets/Scripts/Game/GameClient.cs:478)
UnityEngine.SetupCoroutine:InvokeMoveNext (System.Collections.IEnumerator,intptr) (at C:/build/output/unity/unity/Runtime/Export/Scripting/Coroutines.cs:17)

(Filename: C:/build/output/unity/unity/Runtime/Export/Debug/Debug.bindings.cs Line: 123)

[GameClient] enter game accepted, player_id=281594980286332928
UnityEngine.Debug:ExtractStackTraceNoAlloc (byte*,int,string)
UnityEngine.StackTraceUtility:ExtractStackTrace () (at C:/build/output/unity/unity/Runtime/Export/Scripting/StackTrace.cs:35)
UnityEngine.DebugLogHandler:Internal_Log (UnityEngine.LogType,UnityEngine.LogOption,string,UnityEngine.Object)
UnityEngine.DebugLogHandler:LogFormat (UnityEngine.LogType,UnityEngine.Object,string,object[]) (at C:/build/output/unity/unity/Runtime/Export/Logging/DebugLogHandler.cs:9)
UnityEngine.Logger:Log (UnityEngine.LogType,object) (at C:/build/output/unity/unity/Runtime/Export/Logging/Logger.cs:60)
UnityEngine.Debug:Log (object) (at C:/build/output/unity/unity/Runtime/Export/Debug/Debug.bindings.cs:123)
MmorpgClient.UI.AppBootstrap/<>c:<Awake>b__41_0 (string) (at E:/work/tmp/shotverify_project/Assets/Scripts/UI/AppBootstrap.cs:87)
MmorpgClient.Game.GameClient:Log (string) (at E:/work/tmp/shotverify_project/Assets/Scripts/Game/GameClient.cs:1059)
MmorpgClient.Game.GameClient/<EnterGameAndWaitScene>d__93:MoveNext () (at E:/work/tmp/shotverify_project/Assets/Scripts/Game/GameClient.cs:490)
UnityEngine.SetupCoroutine:InvokeMoveNext (System.Collections.IEnumerator,intptr) (at C:/build/output/unity/unity/Runtime/Export/Scripting/Coroutines.cs:17)

(Filename: C:/build/output/unity/unity/Runtime/Export/Debug/Debug.bindings.cs Line: 123)

[GameClient] [scene] entered scene_id=63941896849850368, config=1
UnityEngine.Debug:ExtractStackTraceNoAlloc (byte*,int,string)
UnityEngine.StackTraceUtility:ExtractStackTrace () (at C:/build/output/unity/unity/Runtime/Export/Scripting/StackTrace.cs:35)
UnityEngine.DebugLogHandler:Internal_Log (UnityEngine.LogType,UnityEngine.LogOption,string,UnityEngine.Object)
UnityEngine.DebugLogHandler:LogFormat (UnityEngine.LogType,UnityEngine.Object,string,object[]) (at C:/build/output/unity/unity/Runtime/Export/Logging/DebugLogHandler.cs:9)
UnityEngine.Logger:Log (UnityEngine.LogType,object) (at C:/build/output/unity/unity/Runtime/Export/Logging/Logger.cs:60)
UnityEngine.Debug:Log (object) (at C:/build/output/unity/unity/Runtime/Export/Debug/Debug.bindings.cs:123)
MmorpgClient.UI.AppBootstrap/<>c:<Awake>b__41_0 (string) (at E:/work/tmp/shotverify_project/Assets/Scripts/UI/AppBootstrap.cs:87)
MmorpgClient.Game.GameClient:Log (string) (at E:/work/tmp/shotverify_project/Assets/Scripts/Game/GameClient.cs:1059)
MmorpgClient.Game.GameClient:<WireSceneNotifyHandlers>b__118_0 (MessageContent) (at E:/work/tmp/shotverify_project/Assets/Scripts/Game/GameClient.cs:857)
MmorpgClient.Game.GameClient:DispatchInbound (Google.Protobuf.IMessage) (at E:/work/tmp/shotverify_project/Assets/Scripts/Game/GameClient.cs:841)
MmorpgClient.Net.GateTcpClient:Poll () (at E:/work/tmp/shotverify_project/Assets/Scripts/Net/GateTcpClient.cs:87)
MmorpgClient.Game.GameClient:Tick () (at E:/work/tmp/shotverify_project/Assets/Scripts/Game/GameClient.cs:173)
MmorpgClient.UI.AppBootstrap:Update () (at E:/work/tmp/shotverify_project/Assets/Scripts/UI/AppBootstrap.cs:139)

(Filename: C:/build/output/unity/unity/Runtime/Export/Debug/Debug.bindings.cs Line: 123)

[GameClient] 进入游戏成功
UnityEngine.Debug:ExtractStackTraceNoAlloc (byte*,int,string)
UnityEngine.StackTraceUtility:ExtractStackTrace () (at C:/build/output/unity/unity/Runtime/Export/Scripting/StackTrace.cs:35)
UnityEngine.DebugLogHandler:Internal_Log (UnityEngine.LogType,UnityEngine.LogOption,string,UnityEngine.Object)
UnityEngine.DebugLogHandler:LogFormat (UnityEngine.LogType,UnityEngine.Object,string,object[]) (at C:/build/output/unity/unity/Runtime/Export/Logging/DebugLogHandler.cs:9)
UnityEngine.Logger:Log (UnityEngine.LogType,object) (at C:/build/output/unity/unity/Runtime/Export/Logging/Logger.cs:60)
UnityEngine.Debug:Log (object) (at C:/build/output/unity/unity/Runtime/Export/Debug/Debug.bindings.cs:123)
MmorpgClient.UI.AppBootstrap/<>c:<Awake>b__41_0 (string) (at E:/work/tmp/shotverify_project/Assets/Scripts/UI/AppBootstrap.cs:87)
MmorpgClient.Game.GameClient:Log (string) (at E:/work/tmp/shotverify_project/Assets/Scripts/Game/GameClient.cs:1059)
MmorpgClient.Game.GameClient:Status (string) (at E:/work/tmp/shotverify_project/Assets/Scripts/Game/GameClient.cs:1060)
MmorpgClient.Game.GameClient/<EnterGameAndWaitScene>d__93:MoveNext () (at E:/work/tmp/shotverify_project/Assets/Scripts/Game/GameClient.cs:511)
UnityEngine.SetupCoroutine:InvokeMoveNext (System.Collections.IEnumerator,intptr) (at C:/build/output/unity/unity/Runtime/Export/Scripting/Coroutines.cs:17)

(Filename: C:/build/output/unity/unity/Runtime/Export/Debug/Debug.bindings.cs Line: 123)

[AutoPilot][MoveRecovery] stage=in_game player_id=281594980286332928 scene_id=63941896849850368 scene_config=1 gate=192.168.43.7:10000
UnityEngine.Debug:ExtractStackTraceNoAlloc (byte*,int,string)
UnityEngine.StackTraceUtility:ExtractStackTrace () (at C:/build/output/unity/unity/Runtime/Export/Scripting/StackTrace.cs:35)
UnityEngine.DebugLogHandler:Internal_Log (UnityEngine.LogType,UnityEngine.LogOption,string,UnityEngine.Object)
UnityEngine.DebugLogHandler:LogFormat (UnityEngine.LogType,UnityEngine.Object,string,object[]) (at C:/build/output/unity/unity/Runtime/Export/Logging/DebugLogHandler.cs:9)
UnityEngine.Logger:Log (UnityEngine.LogType,object) (at C:/build/output/unity/unity/Runtime/Export/Logging/Logger.cs:60)
UnityEngine.Debug:Log (object) (at C:/build/output/unity/unity/Runtime/Export/Debug/Debug.bindings.cs:123)
MmorpgClient.App.DevAutoPilot:Log (string) (at E:/work/tmp/shotverify_project/Assets/Scripts/App/DevAutoPilot.cs:483)
MmorpgClient.App.DevAutoPilot:HandleEnterSuccess () (at E:/work/tmp/shotverify_project/Assets/Scripts/App/DevAutoPilot.cs:327)
MmorpgClient.Game.GameClient/<EnterGameAndWaitScene>d__93:MoveNext () (at E:/work/tmp/shotverify_project/Assets/Scripts/Game/GameClient.cs:512)
UnityEngine.SetupCoroutine:InvokeMoveNext (System.Collections.IEnumerator,intptr) (at C:/build/output/unity/unity/Runtime/Export/Scripting/Coroutines.cs:17)

(Filename: C:/build/output/unity/unity/Runtime/Export/Debug/Debug.bindings.cs Line: 123)

[AutoPilot][MoveRecovery] RESULT=PASS stage=in_game (no -autoQueue, staying in scene)
UnityEngine.Debug:ExtractStackTraceNoAlloc (byte*,int,string)
UnityEngine.StackTraceUtility:ExtractStackTrace () (at C:/build/output/unity/unity/Runtime/Export/Scripting/StackTrace.cs:35)
UnityEngine.DebugLogHandler:Internal_Log (UnityEngine.LogType,UnityEngine.LogOption,string,UnityEngine.Object)
UnityEngine.DebugLogHandler:LogFormat (UnityEngine.LogType,UnityEngine.Object,string,object[]) (at C:/build/output/unity/unity/Runtime/Export/Logging/DebugLogHandler.cs:9)
UnityEngine.Logger:Log (UnityEngine.LogType,object) (at C:/build/output/unity/unity/Runtime/Export/Logging/Logger.cs:60)
UnityEngine.Debug:Log (object) (at C:/build/output/unity/unity/Runtime/Export/Debug/Debug.bindings.cs:123)
MmorpgClient.App.DevAutoPilot:Log (string) (at E:/work/tmp/shotverify_project/Assets/Scripts/App/DevAutoPilot.cs:483)
MmorpgClient.App.DevAutoPilot:HandleEnterSuccess () (at E:/work/tmp/shotverify_project/Assets/Scripts/App/DevAutoPilot.cs:335)
MmorpgClient.Game.GameClient/<EnterGameAndWaitScene>d__93:MoveNext () (at E:/work/tmp/shotverify_project/Assets/Scripts/Game/GameClient.cs:512)
UnityEngine.SetupCoroutine:InvokeMoveNext (System.Collections.IEnumerator,intptr) (at C:/build/output/unity/unity/Runtime/Export/Scripting/Coroutines.cs:17)

(Filename: C:/build/output/unity/unity/Runtime/Export/Debug/Debug.bindings.cs Line: 123)

[GameClient] [move] reconcile snap input_seq=1
UnityEngine.Debug:ExtractStackTraceNoAlloc (byte*,int,string)
UnityEngine.StackTraceUtility:ExtractStackTrace () (at C:/build/output/unity/unity/Runtime/Export/Scripting/StackTrace.cs:35)
UnityEngine.DebugLogHandler:Internal_Log (UnityEngine.LogType,UnityEngine.LogOption,string,UnityEngine.Object)
UnityEngine.DebugLogHandler:LogFormat (UnityEngine.LogType,UnityEngine.Object,string,object[]) (at C:/build/output/unity/unity/Runtime/Export/Logging/DebugLogHandler.cs:9)
UnityEngine.Logger:Log (UnityEngine.LogType,object) (at C:/build/output/unity/unity/Runtime/Export/Logging/Logger.cs:60)
UnityEngine.Debug:Log (object) (at C:/build/output/unity/unity/Runtime/Export/Debug/Debug.bindings.cs:123)
MmorpgClient.UI.AppBootstrap/<>c:<Awake>b__41_0 (string) (at E:/work/tmp/shotverify_project/Assets/Scripts/UI/AppBootstrap.cs:87)
MmorpgClient.Game.GameClient:Log (string) (at E:/work/tmp/shotverify_project/Assets/Scripts/Game/GameClient.cs:1059)
MmorpgClient.Game.GameClient:<WireSceneNotifyHandlers>b__118_12 (MessageContent) (at E:/work/tmp/shotverify_project/Assets/Scripts/Game/GameClient.cs:968)
MmorpgClient.Game.GameClient:DispatchInbound (Google.Protobuf.IMessage) (at E:/work/tmp/shotverify_project/Assets/Scripts/Game/GameClient.cs:841)
MmorpgClient.Net.GateTcpClient:Poll () (at E:/work/tmp/shotverify_project/Assets/Scripts/Net/GateTcpClient.cs:87)
MmorpgClient.Game.GameClient:Tick () (at E:/work/tmp/shotverify_project/Assets/Scripts/Game/GameClient.cs:173)
MmorpgClient.UI.AppBootstrap:Update () (at E:/work/tmp/shotverify_project/Assets/Scripts/UI/AppBootstrap.cs:139)

(Filename: C:/build/output/unity/unity/Runtime/Export/Debug/Debug.bindings.cs Line: 123)

Direct3D: detected that IDXGISwapChain::GetFrameStatistics is broken (it does not return proper timestamps). Delta time will now be calculated using cpu-side time stampling until the game window is moved.
