VBCSCompilerPreWarmer: pre-warm launched (dotnet PID 52632)
VBCSCompiler prewarm took 94.64 ms
[Licensing::Module] Trying to connect to existing licensing client channel...
[Licensing::IpcConnector] Channel LicenseClient-luyua doesn't exist
Built from '6000.6/respin/6000.6.0f1-fa21a270ab12' branch; Version is '6000.6.0f1 (f7f8ed4d1e24) revision 16251117'; Using compiler version '194234433'; Build Type 'Release'
OS: 'Windows 11  (10.0.26200) CoreCountrySpecific' Language: 'zh' Physical Memory: 31932 MB
BatchMode: 0, IsHumanControllingUs: 1, StartBugReporterOnCrash: 1, Is64bit: 1
System  architecture: x64
Process architecture: x64
Date: 2026-09-17T02:19:45Z
[Licensing::Module] Successfully launched the LicensingClient (PId: 51676)

COMMAND LINE ARGUMENTS:
C:\Program Files\Unity\Hub\Editor\6000.6.0f1\Editor\Unity.exe
-projectPath
E:\work\mmorpg-client
-logFile
E:\work\image\designs\social-ui-v1\unity-slices\qa\unity-editor.log
Successfully changed project path to: E:\work\mmorpg-client
E:/work/mmorpg-client
[UnityMemory] Configuration Parameters - Can be set up in boot.config
    "memorysetup-temp-allocator-size-gi-baking-worker=262144"
    "memorysetup-temp-allocator-size-gi-baking-worker=262144"
    "memorysetup-temp-allocator-size-gi-baking-worker=262144"
    "memorysetup-temp-allocator-size-gi-baking-worker=262144"
    "memorysetup-temp-allocator-size-gi-baking-worker=262144"
    "memorysetup-temp-allocator-size-nav-mesh-worker=65536"
    "memorysetup-temp-allocator-size-audio-worker=65536"
    "memorysetup-temp-allocator-size-cloud-worker=32768"
    "memorysetup-temp-allocator-size-gfx=262144"
    "memorysetup-remapper-allocator-initial-capacity=32768"
    "memorysetup-temp-allocator-size-preload-manager=33554432"
    "memorysetup-allocator-temp-initial-block-size-main=262144"
    "memorysetup-allocator-temp-initial-block-size-worker=262144"
    "memorysetup-temp-allocator-size-job-worker=262144"
    "memorysetup-temp-allocator-size-background-worker=32768"
    "memorysetup-bucket-allocator-granularity=16"
    "memorysetup-bucket-allocator-bucket-count=8"
    "memorysetup-bucket-allocator-block-size=33554432"
    "memorysetup-bucket-allocator-block-count=8"
    "memorysetup-main-allocator-block-size=16777216"
    "memorysetup-thread-allocator-block-size=16777216"
    "memorysetup-main-allocator-mimalloc-enabled=1"
    "memorysetup-gfx-main-allocator-block-size=16777216"
    "memorysetup-gfx-thread-allocator-block-size=16777216"
    "memorysetup-cache-allocator-block-size=4194304"
    "memorysetup-typetree-allocator-block-size=2097152"
    "memorysetup-profiler-bucket-allocator-granularity=16"
    "memorysetup-profiler-bucket-allocator-bucket-count=8"
    "memorysetup-profiler-bucket-allocator-block-size=33554432"
    "memorysetup-profiler-bucket-allocator-block-count=8"
    "memorysetup-profiler-allocator-block-size=16777216"
    "memorysetup-profiler-editor-allocator-block-size=1048576"
    "memorysetup-temp-allocator-size-main=16777216"
    "memorysetup-job-temp-allocator-block-size=2097152"
    "memorysetup-job-temp-allocator-block-size-background=1048576"
    "memorysetup-job-temp-allocator-reduction-small-platforms=262144"
Logging is directed to a specific file, skipping project log.
Player connection [42212]  Target information:

Player connection [42212]  * "[IP] 192.168.112.1 [Port] 55504 [Flags] 2 [Guid] 4177101322 [EditorId] 4177101322 [Version] 1048832 [Id] WindowsEditor(7,luyuan) [Debug] 1 [PackageName] WindowsEditor [ProjectName] Editor" 

Player connection [42212]  * "[IP] 198.0.2.1 [Port] 55504 [Flags] 2 [Guid] 4177101322 [EditorId] 4177101322 [Version] 1048832 [Id] WindowsEditor(7,luyuan) [Debug] 1 [PackageName] WindowsEditor [ProjectName] Editor" 

Player connection [42212]  * "[IP] 192.168.31.177 [Port] 55504 [Flags] 2 [Guid] 4177101322 [EditorId] 4177101322 [Version] 1048832 [Id] WindowsEditor(7,luyuan) [Debug] 1 [PackageName] WindowsEditor [ProjectName] Editor" 

Player connection [42212] Host joined multi-casting on [225.0.0.222:54997]...
Player connection [42212] Host joined alternative multi-casting on [225.0.0.222:34997]...
Input System module state changed to: Initialized.
[Physics::Module] Initialized fallback backend.
[Physics::Module] Id: 0xdecafbad
[Package Manager] Connected to IPC stream "Upm-32920" after 2.6 seconds.
[Licensing::Module] Licensing is not yet initialized.
[Licensing::IpcConnector] Successfully connected to: "LicenseClient-luyua" at "2026-09-17T02:19:55.5781519Z"
[Licensing::Client] Code 10 while verifying Licensing Client signature (process Id: 51676, path: "C:/Program Files/Unity/Hub/Editor/6000.6.0f1/Editor/Data/Resources/Licensing/Client/Unity.Licensing.Client.exe")
[Licensing::Module] LicensingClient has failed validation; ignoring
[Licensing::Client] Handshaking with LicensingClient:
  Version:                 1.18.3+d7ffd15
  Session Id:              09e394fe60384e62960eae2737f6bc9c
  Correlation Id:          eec40cbc6f83db616ee7020b75bc2efb
  External correlation Id: 3212534836155276988
  Machine Id:              M2B/yAY5ulraeWIcwlJsiU0qhCs=
[Licensing::Module] Successfully connected to LicensingClient on channel: "LicenseClient-luyua" (connect: 9.87s, validation: 1.75s, handshake: 0.51s)
[Licensing::IpcConnector] Successfully connected to: "LicenseClient-luyua-notifications" at "2026-09-17T02:19:57.8371707Z"
[Licensing::Module] Connected to LicensingClient (PId: 51676, launch time: 0.16, total connection time: 12.13s)
[Licensing::Module] Error: Access token is unavailable; failed to update
[Licensing::Client] Successfully resolved entitlement details
[Licensing::Module] License group:
  Id: 2476040700284-UnityPersXXXX
  Product: Unity Personal
  Type: Assigned
  Expiration: Unlimited
[Licensing::Client] Successfully updated license, isAsync: True, time: 0.04
[Licensing::Client] Successfully resolved entitlement details
[Licensing::Module] Licensing Background thread has ended after 12.78s
[Licensing::Module] Licensing is initialized (took 5.71s).
[Licensing::Client] Successfully resolved entitlement details
Library Redirect Path: Library/
Launching Unity Data Store - C:/Program Files/Unity/Hub/Editor/6000.6.0f1/Editor/Data/Tools/Unity.DataStore.exe 
Unity Data Store artifact dir = Library/DataStore, working dir = E:/work/mmorpg-client[Physics::Module] Selected backend.
[Physics::Module] Name: PhysX
[Physics::Module] Id: 0xf2b8ea05
[Physics::Module] SDK Version: 4.1.2
[Physics::Module] Integration Version: 1.0.0
[Physics::Module] Threading Mode: Multi-Threaded
Unity Data Store initialise timeout, continuing as client processing.
Refreshing native plugins compatible for Editor in 20.92 ms, found 0 plugins.
Initialize engine version: 6000.6.0f1 (f7f8ed4d1e24)
[EntityIdStore] init: VM path (explicit commit), pageSize=4096, blockCount=1048576, entitiesPerBlock=256, slots reserved=4294967296 bytes
[Subsystems] Discovering subsystems at path C:/Program Files/Unity/Hub/Editor/6000.6.0f1/Editor/Data/Resources/UnitySubsystems
[Subsystems] Discovering subsystems at path E:/work/mmorpg-client/Assets
[D3D12 Device Filter] Vendor Name: NVIDIA
[D3D12 Device Filter] Device Name: NVIDIA GeForce RTX 5070 Ti Laptop GPU
[D3D12 Device Filter] Driver Version: 32.0.15.9186
[D3D12 Device Filter] Feature Level: 12.2
[D3D12 Device Filter] Graphics Memory: 11944 MB
[D3D12 Device Filter] Processor Count: 32
[D3D12 Device Filter] Device Type: Discrete
GfxDevice: creating device client; kGfxThreadingModeSplitJobs
d3d12: failed to query info queue interface (0x80004002).
Direct3D:
    Version:         Direct3D 12 [level 12.2]
    Renderer:        NVIDIA GeForce RTX 5070 Ti Laptop GPU (ID=0x2f18)
    Vendor:          NVIDIA
    VRAM:            11944 MB
    App VRAM Budget: 11176 MB
    Driver:          32.0.15.9186
Initialize mono
Mono path[0] = 'C:/Program Files/Unity/Hub/Editor/6000.6.0f1/Editor/Data/Managed'
Mono path[1] = 'C:/Program Files/Unity/Hub/Editor/6000.6.0f1/Editor/Data/BCLExtensions/runtime/netstandard2.1'
Mono path[2] = 'C:/Program Files/Unity/Hub/Editor/6000.6.0f1/Editor/Data/MonoBleedingEdge/lib/mono/unityjit-win32'
Mono config path = 'C:/Program Files/Unity/Hub/Editor/6000.6.0f1/Editor/Data/MonoBleedingEdge/etc'
Using monoOptions --debugger-agent=transport=dt_socket,embedding=1,server=y,suspend=n,address=127.0.0.1:56920
CodeReloadManager initialized
ImportWorker Server TCP listen port: 0
AcceleratorClientConnectionCallback - disconnected - :0
Begin MonoManager ReloadAssembly
Registering precompiled unity dll's ...
Register platform support module: C:/Program Files/Unity/Hub/Editor/6000.6.0f1/Editor/Data/PlaybackEngines/WindowsStandaloneSupport/UnityEditor.WindowsStandalone.Extensions.dll
Registered in 0.574650 seconds.
Native extension for WindowsStandalone target not found
Package Manager log level set to [2]
ScheduleIndexationOnStartup MainProcess:False IndexOnStartup:True
Scripting: successfully reloaded assembly
- Finished resetting the current domain, in  8.796 seconds
Domain Reload Profiling: 15585ms
	BeginReloadAssembly (1177ms)
		CreateAndSetChildDomain (30ms)
	RebuildCommonClasses (21ms)
	RebuildNativeTypeToScriptingClass (525ms)
	initialDomainReloadingComplete (1103ms)
	LoadAllAssembliesAndSetupDomain (3960ms)
		LoadAssemblies (1124ms)
		TypeCache.Refresh (3494ms)
			TypeCache.ScanAssembly (2896ms)
		AnalyzeDomain (4ms)
	FinalizeReload (8800ms)
		SetupLoadedEditorAssemblies (0ms)
			LogAssemblyErrors (6ms)
			InitializePlatformSupportModulesInManaged (10ms)
			BeforeProcessingInitializeOnLoad (448ms)
			ProcessInitializeOnLoadAttributes (398ms)
			ProcessInitializeOnLoadMethodAttributes (5156ms)
			EditorAssembliesLoaded (3ms)
[Licensing::Client] Successfully resolved entitlement details
Application.AssetDatabase Initial Refresh Start
[Package Manager] Restoring resolved packages state from cache
[Licensing::Client] Successfully resolved entitlement details
[Package Manager] Registered 39 packages:
  Packages from [https://packages.unity.com]:
    com.unity.ai.inference@2.6.1 (location: E:\work\mmorpg-client\Library\PackageCache\com.unity.ai.inference@9a123aee5df7)
    com.unity.ide.rider@3.0.38 (location: E:\work\mmorpg-client\Library\PackageCache\com.unity.ide.rider@1f60b3138684)
    com.unity.ide.visualstudio@2.0.26 (location: E:\work\mmorpg-client\Library\PackageCache\com.unity.ide.visualstudio@a99d56dec63f)
    com.unity.nuget.newtonsoft-json@3.2.2 (location: E:\work\mmorpg-client\Library\PackageCache\com.unity.nuget.newtonsoft-json@4dfd81071c64)
    com.unity.dt.app-ui@2.1.11 (location: E:\work\mmorpg-client\Library\PackageCache\com.unity.dt.app-ui@cd5609b130ce)
    com.unity.nuget.mono-cecil@1.11.6 (location: E:\work\mmorpg-client\Library\PackageCache\com.unity.nuget.mono-cecil@ecb9724e46ff)
  Built-in packages:
    com.unity.test-framework@1.8.0 (location: E:\work\mmorpg-client\Library\PackageCache\com.unity.test-framework@7a3849e09bd0)
    com.unity.timeline@6.6.0 (location: E:\work\mmorpg-client\Library\PackageCache\com.unity.timeline@281d5f7e7d7d)
    com.unity.ugui@2.6.0 (location: E:\work\mmorpg-client\Library\PackageCache\com.unity.ugui@23caec89ae27)
    com.unity.modules.imgui@1.0.0 (location: E:\work\mmorpg-client\Library\PackageCache\com.unity.modules.imgui)
    com.unity.modules.jsonserialize@1.0.0 (location: E:\work\mmorpg-client\Library\PackageCache\com.unity.modules.jsonserialize)
    com.unity.modules.physicscore2d@1.0.0 (location: E:\work\mmorpg-client\Library\PackageCache\com.unity.modules.physicscore2d)
    com.unity.modules.tetgen@1.0.0 (location: E:\work\mmorpg-client\Library\PackageCache\com.unity.modules.tetgen)
    com.unity.modules.uielements@1.0.0 (location: E:\work\mmorpg-client\Library\PackageCache\com.unity.modules.uielements)
    com.unity.modules.unityanalytics@1.0.0 (location: E:\work\mmorpg-client\Library\PackageCache\com.unity.modules.unityanalytics)
    com.unity.modules.unitywebrequest@1.0.0 (location: E:\work\mmorpg-client\Library\PackageCache\com.unity.modules.unitywebrequest)
    com.unity.modules.unitywebrequesttexture@1.0.0 (location: E:\work\mmorpg-client\Library\PackageCache\com.unity.modules.unitywebrequesttexture)
    com.unity.modules.unitywebrequestwww@1.0.0 (location: E:\work\mmorpg-client\Library\PackageCache\com.unity.modules.unitywebrequestwww)
    com.unity.modules.unitywebrequestassetbundle@1.0.0 (location: E:\work\mmorpg-client\Library\PackageCache\com.unity.modules.unitywebrequestassetbundle)
    com.unity.modules.unitywebrequestaudio@1.0.0 (location: E:\work\mmorpg-client\Library\PackageCache\com.unity.modules.unitywebrequestaudio)
    com.unity.modules.audio@1.0.0 (location: E:\work\mmorpg-client\Library\PackageCache\com.unity.modules.audio)
    com.unity.modules.assetbundle@1.0.0 (location: E:\work\mmorpg-client\Library\PackageCache\com.unity.modules.assetbundle)
    com.unity.modules.imageconversion@1.0.0 (location: E:\work\mmorpg-client\Library\PackageCache\com.unity.modules.imageconversion)
    com.unity.modules.ui@1.0.0 (location: E:\work\mmorpg-client\Library\PackageCache\com.unity.modules.ui)
    com.unity.modules.hierarchycore@1.0.0 (location: E:\work\mmorpg-client\Library\PackageCache\com.unity.modules.hierarchycore)
    com.unity.modules.physics@1.0.0 (location: E:\work\mmorpg-client\Library\PackageCache\com.unity.modules.physics)
    com.unity.modules.animation@1.0.0 (location: E:\work\mmorpg-client\Library\PackageCache\com.unity.modules.animation)
    com.unity.modules.physics2d@1.0.0 (location: E:\work\mmorpg-client\Library\PackageCache\com.unity.modules.physics2d)
    com.unity.modules.director@1.0.0 (location: E:\work\mmorpg-client\Library\PackageCache\com.unity.modules.director)
    com.unity.modules.particlesystem@1.0.0 (location: E:\work\mmorpg-client\Library\PackageCache\com.unity.modules.particlesystem)
    com.unity.ext.nunit@2.1.0 (location: E:\work\mmorpg-client\Library\PackageCache\com.unity.ext.nunit@0198eae3b53e)
    com.unity.burst@2.0.0 (location: E:\work\mmorpg-client\Library\PackageCache\com.unity.burst@626e66ab421b)
    com.unity.collections@6.6.0 (location: E:\work\mmorpg-client\Library\PackageCache\com.unity.collections@10fff0607388)
    com.unity.2d.sprite@1.0.0 (location: E:\work\mmorpg-client\Library\PackageCache\com.unity.2d.sprite@947350d67f82)
    com.unity.mathematics@1.4.0 (location: E:\work\mmorpg-client\Library\PackageCache\com.unity.mathematics@8306a64d0cd6)
    com.unity.test-framework.performance@6.6.0 (location: E:\work\mmorpg-client\Library\PackageCache\com.unity.test-framework.performance@0a60b857a52e)
    com.unity.modules.androidjni@1.0.0 (location: E:\work\mmorpg-client\Library\PackageCache\com.unity.modules.androidjni)
    com.unity.modules.screencapture@1.0.0 (location: E:\work\mmorpg-client\Library\PackageCache\com.unity.modules.screencapture)
  Local Tarball packages:
    com.unity.ai.assistant@file:C:\Users\luyua\Downloads\com.unity.ai.assistant-2.17.0-pre.1.tgz (location: E:\work\mmorpg-client\Library\PackageCache\com.unity.ai.assistant@5889ce5dd144)
[Subsystems] No new subsystems found in resolved package list.
[Package Manager] Done registering packages in 0.12 seconds
