test_aggregate_passed_cannot_hide_skips_inconclusive_or_duplicate_cases (test_publish_original_roster_v14_gates.PublicationGateTests.test_aggregate_passed_cannot_hide_skips_inconclusive_or_duplicate_cases) ... ok
test_all_hd_methods_and_parameter_cases_are_required (test_publish_original_roster_v14_gates.PublicationGateTests.test_all_hd_methods_and_parameter_cases_are_required) ... ok
test_default_nonempty_view_object_is_not_a_screenshot (test_publish_original_roster_v14_gates.PublicationGateTests.test_default_nonempty_view_object_is_not_a_screenshot) ... ok
test_exact140_inventory_accepts_only_real_root_derived_index_and_valid_metas (test_publish_original_roster_v14_gates.PublicationGateTests.test_exact140_inventory_accepts_only_real_root_derived_index_and_valid_metas) ... ok
test_existing_target_cannot_hide_a_nested_runtime_index (test_publish_original_roster_v14_gates.PublicationGateTests.test_existing_target_cannot_hide_a_nested_runtime_index) ... ok
test_inventory_rejects_missing_authored_index_or_guid_meta_and_changed_bytes (test_publish_original_roster_v14_gates.PublicationGateTests.test_inventory_rejects_missing_authored_index_or_guid_meta_and_changed_bytes) ... ok
test_launch_rejects_filtered_or_wrong_platform_runs_and_wrong_snapshot (test_publish_original_roster_v14_gates.PublicationGateTests.test_launch_rejects_filtered_or_wrong_platform_runs_and_wrong_snapshot) ... ok
test_launch_requires_exit_zero_xml_and_retained_log (test_publish_original_roster_v14_gates.PublicationGateTests.test_launch_requires_exit_zero_xml_and_retained_log) ... ok
test_launch_timestamps_must_enclose_xml (test_publish_original_roster_v14_gates.PublicationGateTests.test_launch_timestamps_must_enclose_xml) ... ok
test_missing_identity_case_cannot_hide_inside_passed_hd_results (test_publish_original_roster_v14_gates.PublicationGateTests.test_missing_identity_case_cannot_hide_inside_passed_hd_results) ... ok
test_missing_identity_source_binding_rejects_launch (test_publish_original_roster_v14_gates.PublicationGateTests.test_missing_identity_source_binding_rejects_launch) ... ok
test_nearest_view_accepts_honest_clipping_but_rejects_false_flags_and_wrong_zoom (test_publish_original_roster_v14_gates.PublicationGateTests.test_nearest_view_accepts_honest_clipping_but_rejects_false_flags_and_wrong_zoom) ... ok
test_nonfinite_projection_and_wrong_minimum_configuration_are_rejected (test_publish_original_roster_v14_gates.PublicationGateTests.test_nonfinite_projection_and_wrong_minimum_configuration_are_rejected) ... ok
test_png_dimensions_are_decoded_even_when_sha_and_claimed_size_match (test_publish_original_roster_v14_gates.PublicationGateTests.test_png_dimensions_are_decoded_even_when_sha_and_claimed_size_match) ... ok
test_runtime_visual_review_binds_report_input_view_hash_and_clipping (test_publish_original_roster_v14_gates.PublicationGateTests.test_runtime_visual_review_binds_report_input_view_hash_and_clipping) ... ok
test_runtime_visual_review_rejects_missing_duplicate_and_predated_records (test_publish_original_roster_v14_gates.PublicationGateTests.test_runtime_visual_review_rejects_missing_duplicate_and_predated_records) ... ok
test_saved_png_hash_is_verified_and_missing_file_is_rejected (test_publish_original_roster_v14_gates.PublicationGateTests.test_saved_png_hash_is_verified_and_missing_file_is_rejected) ... ok
test_complete_fixture_dry_run_writes_nothing_then_publishes_only140_new_files (test_publish_mixed_roster.MixedPublicationTests.test_complete_fixture_dry_run_writes_nothing_then_publishes_only140_new_files) ... ok
test_copy_failure_cleans_only_temp_and_retains_failed_audit (test_publish_mixed_roster.MixedPublicationTests.test_copy_failure_cleans_only_temp_and_retains_failed_audit) ... ok
test_edit_play_post_changed_or_current_input_drift_rejected (test_publish_mixed_roster.MixedPublicationTests.test_edit_play_post_changed_or_current_input_drift_rejected) ... ok
test_existing_target_guid_and_reused_audit_rejected (test_publish_mixed_roster.MixedPublicationTests.test_existing_target_guid_and_reused_audit_rejected) ... ok
test_fake_counts_old_fallback_and_zero_residency_rejected (test_publish_mixed_roster.MixedPublicationTests.test_fake_counts_old_fallback_and_zero_residency_rejected) ... ok
test_formal_source_and_old_resource_changes_rejected (test_publish_mixed_roster.MixedPublicationTests.test_formal_source_and_old_resource_changes_rejected) ... ok
test_future_review_unreviewed_clipping_and_unacknowledged_idle_rejected (test_publish_mixed_roster.MixedPublicationTests.test_future_review_unreviewed_clipping_and_unacknowledged_idle_rejected) ... ok
test_idle_only_evidence_cannot_publish_even_with_passed_unity_results (test_publish_mixed_roster.MixedPublicationTests.test_idle_only_evidence_cannot_publish_even_with_passed_unity_results) ... ok
test_missing_mixed_parameter_case_even_with_passed_xml_rejected (test_publish_mixed_roster.MixedPublicationTests.test_missing_mixed_parameter_case_even_with_passed_xml_rejected) ... ok
test_missing_nearest_image_or_changed_png_rejected (test_publish_mixed_roster.MixedPublicationTests.test_missing_nearest_image_or_changed_png_rejected) ... ok
test_missing_swapped_wrong_ppu_pivot_duplicate_geometry_rejected (test_publish_mixed_roster.MixedPublicationTests.test_missing_swapped_wrong_ppu_pivot_duplicate_geometry_rejected) ... ok
test_native_captures_require_separate_exact_visual_review (test_publish_mixed_roster.MixedPublicationTests.test_native_captures_require_separate_exact_visual_review) ... ok
test_nonzero_exit_or_narrow_filter_rejected (test_publish_mixed_roster.MixedPublicationTests.test_nonzero_exit_or_narrow_filter_rejected) ... ok
test_post_activation_failure_retains_target_and_records_audit (test_publish_mixed_roster.MixedPublicationTests.test_post_activation_failure_retains_target_and_records_audit) ... ok
test_protected_file_race_before_activation_blocks (test_publish_mixed_roster.MixedPublicationTests.test_protected_file_race_before_activation_blocks) ... ok
test_source_visual_verification_failure_cannot_be_bypassed (test_publish_mixed_roster.MixedPublicationTests.test_source_visual_verification_failure_cannot_be_bypassed) ... ok
test_stage_and_review_binding_changes_rejected (test_publish_mixed_roster.MixedPublicationTests.test_stage_and_review_binding_changes_rejected) ... ok
test_wrong_project_and_formal_artwork_identifier_rejected (test_publish_mixed_roster.MixedPublicationTests.test_wrong_project_and_formal_artwork_identifier_rejected) ... ok
test_137_index_rows_bind_actual_local_guids_hashes_and_times (test_publish_mixed_sequence.FormalIndexBindingTests.test_137_index_rows_bind_actual_local_guids_hashes_and_times) ... ok
test_copied_isolated_guid_or_stale_timestamp_is_rejected (test_publish_mixed_sequence.FormalIndexBindingTests.test_copied_isolated_guid_or_stale_timestamp_is_rejected) ... ok
test_wrong_source_dimensions_are_rejected (test_publish_mixed_sequence.FormalIndexBindingTests.test_wrong_source_dimensions_are_rejected) ... ok
test_all_native_directions_pick_first_frame_in_canonical_order (test_publish_mixed_sequence.NativeTargetsTests.test_all_native_directions_pick_first_frame_in_canonical_order) ... ok
test_one_native_direction_cannot_complete_runtime_capture_gate (test_publish_mixed_sequence.NativeTargetsTests.test_one_native_direction_cannot_complete_runtime_capture_gate) ... ok
test_first04_then05_imports_extend_original_baseline_without_reset (test_publish_mixed_sequence.SequentialProtectionTests.test_first04_then05_imports_extend_original_baseline_without_reset) ... ok
test_import_cannot_bless_a_changed_historical_resource (test_publish_mixed_sequence.SequentialProtectionTests.test_import_cannot_bless_a_changed_historical_resource) ... ok
test_import_requires_140_authored_files_and_index (test_publish_mixed_sequence.SequentialProtectionTests.test_import_requires_140_authored_files_and_index) ... ok
test_independent_indices_are_excluded_only_from_cross_project_author_compare (test_publish_mixed_sequence.SequentialProtectionTests.test_independent_indices_are_excluded_only_from_cross_project_author_compare) ... ok
test_prior_publication_receipt_sha_is_pinned (test_publish_mixed_sequence.SequentialProtectionTests.test_prior_publication_receipt_sha_is_pinned) ... ok
test_prior_v14_index_or_meta_changes_and_missing_import_audit_rejected (test_publish_mixed_sequence.SequentialProtectionTests.test_prior_v14_index_or_meta_changes_and_missing_import_audit_rejected) ... ok
test_three_mixed_imports_are_protected_in_order (test_publish_mixed_sequence.SequentialProtectionTests.test_three_mixed_imports_are_protected_in_order) ... ok
test_baseline_created_after_stage_rejected (test_publish_mixed_baselines.SeparateProjectBaselineTests.test_baseline_created_after_stage_rejected) ... ok
test_cross_project_authored_change_even_with_consistent_isolated_baseline_rejected (test_publish_mixed_baselines.SeparateProjectBaselineTests.test_cross_project_authored_change_even_with_consistent_isolated_baseline_rejected) ... ok
test_formal_author_sha_change_rejected (test_publish_mixed_baselines.SeparateProjectBaselineTests.test_formal_author_sha_change_rejected) ... ok
test_formal_baseline_duplicate_source_or_file_rejected (test_publish_mixed_baselines.SeparateProjectBaselineTests.test_formal_baseline_duplicate_source_or_file_rejected) ... ok
test_formal_baseline_missing_source_or_resource_row_rejected (test_publish_mixed_baselines.SeparateProjectBaselineTests.test_formal_baseline_missing_source_or_resource_row_rejected) ... ok
test_formal_byte_size_change_rejected (test_publish_mixed_baselines.SeparateProjectBaselineTests.test_formal_byte_size_change_rejected) ... ok
test_formal_meta_sha_change_rejected (test_publish_mixed_baselines.SeparateProjectBaselineTests.test_formal_meta_sha_change_rejected) ... ok
test_formal_missing_or_extra_old_file_rejected (test_publish_mixed_baselines.SeparateProjectBaselineTests.test_formal_missing_or_extra_old_file_rejected) ... ok
test_independent_guid_and_importer_bytes_are_preserved_and_accepted (test_publish_mixed_baselines.SeparateProjectBaselineTests.test_independent_guid_and_importer_bytes_are_preserved_and_accepted) ... ok
test_isolated_author_or_meta_change_rejected (test_publish_mixed_baselines.SeparateProjectBaselineTests.test_isolated_author_or_meta_change_rejected) ... ok
test_isolated_missing_or_extra_old_file_rejected (test_publish_mixed_baselines.SeparateProjectBaselineTests.test_isolated_missing_or_extra_old_file_rejected) ... ok
test_new_target_cannot_be_hidden_inside_old_stage_inventory (test_publish_mixed_baselines.SeparateProjectBaselineTests.test_new_target_cannot_be_hidden_inside_old_stage_inventory) ... ok
test_preexisting_v14_family_meta_is_still_protected (test_publish_mixed_baselines.SeparateProjectBaselineTests.test_preexisting_v14_family_meta_is_still_protected) ... ok
test_replaced_formal_baseline_bytes_rejected (test_publish_mixed_baselines.SeparateProjectBaselineTests.test_replaced_formal_baseline_bytes_rejected) ... ok
test_traversal_in_stage_inventory_rejected (test_publish_mixed_baselines.SeparateProjectBaselineTests.test_traversal_in_stage_inventory_rejected) ... ok
test_wrong_formal_baseline_project_scope_or_prior_review_rejected (test_publish_mixed_baselines.SeparateProjectBaselineTests.test_wrong_formal_baseline_project_scope_or_prior_review_rejected) ... ok
test_idle_cannot_stand_in_for_walking (test_verify_mixed_walk_captures.NativeWalkBindingTests.test_idle_cannot_stand_in_for_walking) ... ok
test_missing_duplicate_or_wrong_frame_is_rejected (test_verify_mixed_walk_captures.NativeWalkBindingTests.test_missing_duplicate_or_wrong_frame_is_rejected) ... ok
test_observed_512_or_wrong_ppu_pivot_world_scale_is_rejected (test_verify_mixed_walk_captures.NativeWalkBindingTests.test_observed_512_or_wrong_ppu_pivot_world_scale_is_rejected) ... ok
test_outside_launch_time_is_rejected (test_verify_mixed_walk_captures.NativeWalkBindingTests.test_outside_launch_time_is_rejected) ... ok
test_preserved_geometry_cannot_claim_native_detail (test_verify_mixed_walk_captures.NativeWalkBindingTests.test_preserved_geometry_cannot_claim_native_detail) ... ok
test_shared_png_projection_gate_failure_is_preserved (test_verify_mixed_walk_captures.NativeWalkBindingTests.test_shared_png_projection_gate_failure_is_preserved) ... ok
test_stale_input_or_resource_sha_is_rejected (test_verify_mixed_walk_captures.NativeWalkBindingTests.test_stale_input_or_resource_sha_is_rejected) ... ok
test_two_native_frames_produce_four_bound_views (test_verify_mixed_walk_captures.NativeWalkBindingTests.test_two_native_frames_produce_four_bound_views) ... ok
test_unbound_or_reused_simulation_time_is_rejected (test_verify_mixed_walk_captures.NativeWalkBindingTests.test_unbound_or_reused_simulation_time_is_rejected) ... ok
test_warp_or_stationary_frame_is_rejected (test_verify_mixed_walk_captures.NativeWalkBindingTests.test_warp_or_stationary_frame_is_rejected) ... ok

----------------------------------------------------------------------
Ran 73 tests in 34.417s

OK
