test_all_hd_or_legacy_is_not_a_mixed_character (test_approve_stage_mixed_roster.GateFixture.test_all_hd_or_legacy_is_not_a_mixed_character) ... ok
test_artifact_sha_mismatch_rejected (test_approve_stage_mixed_roster.GateFixture.test_artifact_sha_mismatch_rejected) ... ok
test_audit_reservation_failure_cannot_activate (test_approve_stage_mixed_roster.GateFixture.test_audit_reservation_failure_cannot_activate) ... ok
test_closeup_must_be_actual_1080p_dimensions (test_approve_stage_mixed_roster.GateFixture.test_closeup_must_be_actual_1080p_dimensions) ... ok
test_complete_offline_seal_and_check_preserve_source_bytes (test_approve_stage_mixed_roster.GateFixture.test_complete_offline_seal_and_check_preserve_source_bytes) ... ok
test_each_missing_visual_check_rejected (test_approve_stage_mixed_roster.GateFixture.test_each_missing_visual_check_rejected) ... ok
test_each_stale_input_binding_rejected (test_approve_stage_mixed_roster.GateFixture.test_each_stale_input_binding_rejected) ... ok
test_evidence_file_changed_rejected (test_approve_stage_mixed_roster.GateFixture.test_evidence_file_changed_rejected) ... ok
test_future_review_rejected (test_approve_stage_mixed_roster.GateFixture.test_future_review_rejected) ... ok
test_missing_direction_and_evidence_coverage_rejected (test_approve_stage_mixed_roster.GateFixture.test_missing_direction_and_evidence_coverage_rejected) ... ok
test_native_inspection_evidence_cannot_be_thumbnail (test_approve_stage_mixed_roster.GateFixture.test_native_inspection_evidence_cannot_be_thumbnail) ... ok
test_offline_output_escape_rejected (test_approve_stage_mixed_roster.GateFixture.test_offline_output_escape_rejected) ... ok
test_offline_output_existing_rejected (test_approve_stage_mixed_roster.GateFixture.test_offline_output_existing_rejected) ... ok
test_original_assembly_change_invalidates_approval (test_approve_stage_mixed_roster.GateFixture.test_original_assembly_change_invalidates_approval) ... ok
test_partial_inventory_rejected (test_approve_stage_mixed_roster.GateFixture.test_partial_inventory_rejected) ... ok
test_post_activation_failure_has_explicit_retained_target_audit (test_approve_stage_mixed_roster.GateFixture.test_post_activation_failure_has_explicit_retained_target_audit) ... ok
test_rehashed_activation_change_rejected (test_approve_stage_mixed_roster.GateFixture.test_rehashed_activation_change_rejected) ... ok
test_rehashed_changed_approved_pixels_rejected (test_approve_stage_mixed_roster.GateFixture.test_rehashed_changed_approved_pixels_rejected) ... ok
test_review_before_assembly_rejected (test_approve_stage_mixed_roster.GateFixture.test_review_before_assembly_rejected) ... ok
test_source_checker_failure_propagates (test_approve_stage_mixed_roster.GateFixture.test_source_checker_failure_propagates) ... ok
test_stage_audit_outside_whitelist_rejected (test_approve_stage_mixed_roster.GateFixture.test_stage_audit_outside_whitelist_rejected) ... ok
test_stage_changed_approved_input_rejected_before_write (test_approve_stage_mixed_roster.GateFixture.test_stage_changed_approved_input_rejected_before_write) ... ok
test_stage_changed_protected_input_rejected_before_write (test_approve_stage_mixed_roster.GateFixture.test_stage_changed_protected_input_rejected_before_write) ... ok
test_stage_default_plan_writes_nothing (test_approve_stage_mixed_roster.GateFixture.test_stage_default_plan_writes_nothing) ... ok
test_stage_different_project_rejected (test_approve_stage_mixed_roster.GateFixture.test_stage_different_project_rejected) ... ok
test_stage_exact_new_target_preserves_every_other_project_file (test_approve_stage_mixed_roster.GateFixture.test_stage_exact_new_target_preserves_every_other_project_file) ... ok
test_stage_existing_meta_rejected (test_approve_stage_mixed_roster.GateFixture.test_stage_existing_meta_rejected) ... ok
test_stage_existing_target_rejected (test_approve_stage_mixed_roster.GateFixture.test_stage_existing_target_rejected) ... ok
test_stage_failed_copy_removes_only_own_temporary_tree (test_approve_stage_mixed_roster.GateFixture.test_stage_failed_copy_removes_only_own_temporary_tree) ... ok
test_partial_or_conflicted_independent_result_rejected (test_approve_stage_mixed_roster.IndependentResultGate.test_partial_or_conflicted_independent_result_rejected) ... ok
test_05_chroma_guard_is_shared_by_independent_reconstruction (test_assemble_mixed_roster.ReconstructionTests.test_05_chroma_guard_is_shared_by_independent_reconstruction) ... ok
test_changed_output_is_rejected (test_assemble_mixed_roster.ReconstructionTests.test_changed_output_is_rejected) ... ok
test_changed_stage_is_rejected (test_assemble_mixed_roster.ReconstructionTests.test_changed_stage_is_rejected) ... ok
test_check_cannot_redirect_trust_to_copied_legacy_tree (test_assemble_mixed_roster.ReconstructionTests.test_check_cannot_redirect_trust_to_copied_legacy_tree) ... ok
test_check_rejects_preserved_action_marked_missing_after_rehash (test_assemble_mixed_roster.ReconstructionTests.test_check_rejects_preserved_action_marked_missing_after_rehash) ... ok
test_check_rejects_preserved_portrait_marked_missing_after_rehash (test_assemble_mixed_roster.ReconstructionTests.test_check_rejects_preserved_portrait_marked_missing_after_rehash) ... ok
test_check_rejects_rehashed_copy_of_legacy_source_map (test_assemble_mixed_roster.ReconstructionTests.test_check_rejects_rehashed_copy_of_legacy_source_map) ... ok
test_check_rejects_rehashed_snapshot_omitting_preserved_slot (test_assemble_mixed_roster.ReconstructionTests.test_check_rejects_rehashed_snapshot_omitting_preserved_slot) ... ok
test_existing_output_cannot_be_overwritten (test_assemble_mixed_roster.ReconstructionTests.test_existing_output_cannot_be_overwritten) ... ok
test_fake_nonempty_hint_cannot_pass_with_updated_record_hash (test_assemble_mixed_roster.ReconstructionTests.test_fake_nonempty_hint_cannot_pass_with_updated_record_hash) ... ok
test_hd_candidate_cannot_borrow_another_identity (test_assemble_mixed_roster.ReconstructionTests.test_hd_candidate_cannot_borrow_another_identity) ... ok
test_legacy_reconstruction_preserves_size_and_receipt_conflict (test_assemble_mixed_roster.ReconstructionTests.test_legacy_reconstruction_preserves_size_and_receipt_conflict) ... ok
test_low_native_cell_is_rejected (test_assemble_mixed_roster.ReconstructionTests.test_low_native_cell_is_rejected) ... ok
test_mutated_copied_legacy_prompt_is_rejected (test_assemble_mixed_roster.ReconstructionTests.test_mutated_copied_legacy_prompt_is_rejected) ... ok
test_native_reconstruction_does_not_claim_model (test_assemble_mixed_roster.ReconstructionTests.test_native_reconstruction_does_not_claim_model) ... ok
test_new_native_action_fills_only_missing_slot_with_104_ppu (test_assemble_mixed_roster.ReconstructionTests.test_new_native_action_fills_only_missing_slot_with_104_ppu) ... ok
test_new_receipt_must_exist (test_assemble_mixed_roster.ReconstructionTests.test_new_receipt_must_exist) ... ok
test_new_receipt_mutation_is_rejected (test_assemble_mixed_roster.ReconstructionTests.test_new_receipt_mutation_is_rejected) ... ok
test_output_outside_new_mixed_root_is_rejected (test_assemble_mixed_roster.ReconstructionTests.test_output_outside_new_mixed_root_is_rejected) ... ok
test_partial_copy_has_137_slots_and_remains_unapproved (test_assemble_mixed_roster.ReconstructionTests.test_partial_copy_has_137_slots_and_remains_unapproved) ... ok
test_per_frame_scale_is_rejected (test_assemble_mixed_roster.ReconstructionTests.test_per_frame_scale_is_rejected) ... ok
test_receipt_must_explicitly_name_builtin_tool (test_assemble_mixed_roster.ReconstructionTests.test_receipt_must_explicitly_name_builtin_tool) ... ok
test_receipt_original_output_bytes_must_equal_saved_raw (test_assemble_mixed_roster.ReconstructionTests.test_receipt_original_output_bytes_must_equal_saved_raw) ... ok
test_receipt_output_path_cannot_name_different_png (test_assemble_mixed_roster.ReconstructionTests.test_receipt_output_path_cannot_name_different_png) ... ok
test_receipt_placeholder_is_rejected_even_with_matching_hash (test_assemble_mixed_roster.ReconstructionTests.test_receipt_placeholder_is_rejected_even_with_matching_hash) ... ok
test_receipt_request_prompt_must_match_exact_saved_text (test_assemble_mixed_roster.ReconstructionTests.test_receipt_request_prompt_must_match_exact_saved_text) ... ok
test_receipt_requires_actual_reference_paths (test_assemble_mixed_roster.ReconstructionTests.test_receipt_requires_actual_reference_paths) ... ok
test_reconciliation_does_not_generalize_to_other_text (test_assemble_mixed_roster.ReconstructionTests.test_reconciliation_does_not_generalize_to_other_text) ... ok
test_sealed_identity_is_rejected_before_input_access (test_assemble_mixed_roster.ReconstructionTests.test_sealed_identity_is_rejected_before_input_access) ... ok
test_source_record_mapping_keeps_original_unmodified (test_assemble_mixed_roster.ReconstructionTests.test_source_record_mapping_keeps_original_unmodified) ... ok
test_unknown_reconciliation_code_cannot_be_executed (test_assemble_mixed_roster.ReconstructionTests.test_unknown_reconciliation_code_cannot_be_executed) ... ok
test_wrong_grid_mapping_is_rejected (test_assemble_mixed_roster.ReconstructionTests.test_wrong_grid_mapping_is_rejected) ... ok
test_geometry_substitution_rejected (test_prepare_mixed_roster.PreparationTests.test_geometry_substitution_rejected) ... ok
test_legacy_cannot_be_relabelled_as_native_hd (test_prepare_mixed_roster.PreparationTests.test_legacy_cannot_be_relabelled_as_native_hd) ... ok
test_missing_runtime_slot_rejected (test_prepare_mixed_roster.PreparationTests.test_missing_runtime_slot_rejected) ... ok
test_old_file_mutation_rejected (test_prepare_mixed_roster.PreparationTests.test_old_file_mutation_rejected) ... ok
test_old_file_removal_rejected (test_prepare_mixed_roster.PreparationTests.test_old_file_removal_rejected) ... ok
test_old_tree_addition_rejected (test_prepare_mixed_roster.PreparationTests.test_old_tree_addition_rejected) ... ok
test_output_run_cannot_be_overwritten (test_prepare_mixed_roster.PreparationTests.test_output_run_cannot_be_overwritten) ... ok
test_path_escape_rejected (test_prepare_mixed_roster.PreparationTests.test_path_escape_rejected) ... ok
test_preparation_cannot_self_grant_publication (test_prepare_mixed_roster.PreparationTests.test_preparation_cannot_self_grant_publication) ... ok
test_preserved_world_geometry (test_prepare_mixed_roster.PreparationTests.test_preserved_world_geometry) ... ok
test_snapshot_change_rejected (test_prepare_mixed_roster.PreparationTests.test_snapshot_change_rejected) ... ok
test_snapshot_pass_is_not_approval (test_prepare_mixed_roster.PreparationTests.test_snapshot_pass_is_not_approval) ... ok
test_baseline_created_after_stage_rejected (test_publish_mixed_baselines.SeparateProjectBaselineTests.test_baseline_created_after_stage_rejected) ... ok
test_cross_project_authored_change_even_with_consistent_isolated_baseline_rejected (test_publish_mixed_baselines.SeparateProjectBaselineTests.test_cross_project_authored_change_even_with_consistent_isolated_baseline_rejected) ... ok
test_formal_author_sha_change_rejected (test_publish_mixed_baselines.SeparateProjectBaselineTests.test_formal_author_sha_change_rejected) ... ok
test_formal_baseline_duplicate_source_or_file_rejected (test_publish_mixed_baselines.SeparateProjectBaselineTests.test_formal_baseline_duplicate_source_or_file_rejected) ... ok
test_formal_baseline_missing_source_or_resource_row_rejected (test_publish_mixed_baselines.SeparateProjectBaselineTests.test_formal_baseline_missing_source_or_resource_row_rejected) ... ok
test_formal_byte_size_change_rejected (test_publish_mixed_baselines.SeparateProjectBaselineTests.test_formal_byte_size_change_rejected) ... ok
test_formal_meta_sha_change_rejected (test_publish_mixed_baselines.SeparateProjectBaselineTests.test_formal_meta_sha_change_rejected) ... ok
test_formal_missing_or_extra_old_file_rejected (test_publish_mixed_baselines.SeparateProjectBaselineTests.test_formal_missing_or_extra_old_file_rejected) ... ok
test_independent_guid_and_importer_bytes_are_preserved_and_accepted (test_publish_mixed_baselines.SeparateProjectBaselineTests.test_independent_guid_and_importer_bytes_are_preserved_and_accepted) ... ok
test_isolated_author_or_meta_change_rejected (test_publish_mixed_baselines.SeparateProjectBaselineTests.test_isolated_author_or_meta_change_rejected) ... ok
test_isolated_missing_or_extra_old_file_rejected (test_publish_mixed_baselines.SeparateProjectBaselineTests.test_isolated_missing_or_extra_old_file_rejected) ... ok
test_new_target_cannot_be_hidden_inside_old_stage_inventory (test_publish_mixed_baselines.SeparateProjectBaselineTests.test_new_target_cannot_be_hidden_inside_old_stage_inventory) ... ok
test_preexisting_v14_family_meta_is_still_protected (test_publish_mixed_baselines.SeparateProjectBaselineTests.test_preexisting_v14_family_meta_is_still_protected) ... ok
test_replaced_formal_baseline_bytes_rejected (test_publish_mixed_baselines.SeparateProjectBaselineTests.test_replaced_formal_baseline_bytes_rejected) ... ok
test_traversal_in_stage_inventory_rejected (test_publish_mixed_baselines.SeparateProjectBaselineTests.test_traversal_in_stage_inventory_rejected) ... ok
test_wrong_formal_baseline_project_scope_or_prior_review_rejected (test_publish_mixed_baselines.SeparateProjectBaselineTests.test_wrong_formal_baseline_project_scope_or_prior_review_rejected) ... ok
test_complete_fixture_dry_run_writes_nothing_then_publishes_only140_new_files (test_publish_mixed_roster.MixedPublicationTests.test_complete_fixture_dry_run_writes_nothing_then_publishes_only140_new_files) ... ok
test_copy_failure_cleans_only_temp_and_retains_failed_audit (test_publish_mixed_roster.MixedPublicationTests.test_copy_failure_cleans_only_temp_and_retains_failed_audit) ... ok
test_edit_play_post_changed_or_current_input_drift_rejected (test_publish_mixed_roster.MixedPublicationTests.test_edit_play_post_changed_or_current_input_drift_rejected) ... ok
test_existing_target_guid_and_reused_audit_rejected (test_publish_mixed_roster.MixedPublicationTests.test_existing_target_guid_and_reused_audit_rejected) ... ok
test_fake_counts_old_fallback_and_zero_residency_rejected (test_publish_mixed_roster.MixedPublicationTests.test_fake_counts_old_fallback_and_zero_residency_rejected) ... ok
test_formal_source_and_old_resource_changes_rejected (test_publish_mixed_roster.MixedPublicationTests.test_formal_source_and_old_resource_changes_rejected) ... ok
test_future_review_unreviewed_clipping_and_unacknowledged_idle_rejected (test_publish_mixed_roster.MixedPublicationTests.test_future_review_unreviewed_clipping_and_unacknowledged_idle_rejected) ... ok
test_idle_only_evidence_cannot_publish_even_with_passed_unity_results (test_publish_mixed_roster.MixedPublicationTests.test_idle_only_evidence_cannot_publish_even_with_passed_unity_results) ... ok
test_missing_mixed_parameter_case_even_with_passed_xml_rejected (test_publish_mixed_roster.MixedPublicationTests.test_missing_mixed_parameter_case_even_with_passed_xml_rejected) ... ok
test_missing_nearest_image_or_changed_png_rejected (test_publish_mixed_roster.MixedPublicationTests.test_missing_nearest_image_or_changed_png_rejected) ... ok
test_missing_swapped_wrong_ppu_pivot_duplicate_geometry_rejected (test_publish_mixed_roster.MixedPublicationTests.test_missing_swapped_wrong_ppu_pivot_duplicate_geometry_rejected) ... ok
test_native_captures_require_separate_exact_visual_review (test_publish_mixed_roster.MixedPublicationTests.test_native_captures_require_separate_exact_visual_review) ... ok
test_nonzero_exit_or_narrow_filter_rejected (test_publish_mixed_roster.MixedPublicationTests.test_nonzero_exit_or_narrow_filter_rejected) ... ok
test_post_activation_failure_retains_target_and_records_audit (test_publish_mixed_roster.MixedPublicationTests.test_post_activation_failure_retains_target_and_records_audit) ... ok
test_protected_file_race_before_activation_blocks (test_publish_mixed_roster.MixedPublicationTests.test_protected_file_race_before_activation_blocks) ... ok
test_source_visual_verification_failure_cannot_be_bypassed (test_publish_mixed_roster.MixedPublicationTests.test_source_visual_verification_failure_cannot_be_bypassed) ... ok
test_stage_and_review_binding_changes_rejected (test_publish_mixed_roster.MixedPublicationTests.test_stage_and_review_binding_changes_rejected) ... ok
test_wrong_project_and_formal_artwork_identifier_rejected (test_publish_mixed_roster.MixedPublicationTests.test_wrong_project_and_formal_artwork_identifier_rejected) ... ok
test_137_index_rows_bind_actual_local_guids_hashes_and_times (test_publish_mixed_sequence.FormalIndexBindingTests.test_137_index_rows_bind_actual_local_guids_hashes_and_times) ... ok
test_copied_isolated_guid_or_stale_timestamp_is_rejected (test_publish_mixed_sequence.FormalIndexBindingTests.test_copied_isolated_guid_or_stale_timestamp_is_rejected) ... ok
test_wrong_source_dimensions_are_rejected (test_publish_mixed_sequence.FormalIndexBindingTests.test_wrong_source_dimensions_are_rejected) ... ok
test_all_native_directions_pick_first_frame_in_canonical_order (test_publish_mixed_sequence.NativeTargetsTests.test_all_native_directions_pick_first_frame_in_canonical_order) ... ok
test_one_native_direction_cannot_complete_runtime_capture_gate (test_publish_mixed_sequence.NativeTargetsTests.test_one_native_direction_cannot_complete_runtime_capture_gate) ... ok
test_first04_then05_imports_extend_original_baseline_without_reset (test_publish_mixed_sequence.SequentialProtectionTests.test_first04_then05_imports_extend_original_baseline_without_reset) ... ok
test_import_cannot_bless_a_changed_historical_resource (test_publish_mixed_sequence.SequentialProtectionTests.test_import_cannot_bless_a_changed_historical_resource) ... ok
test_import_requires_140_authored_files_and_index (test_publish_mixed_sequence.SequentialProtectionTests.test_import_requires_140_authored_files_and_index) ... ok
test_independent_indices_are_excluded_only_from_cross_project_author_compare (test_publish_mixed_sequence.SequentialProtectionTests.test_independent_indices_are_excluded_only_from_cross_project_author_compare) ... ok
test_prior_publication_receipt_sha_is_pinned (test_publish_mixed_sequence.SequentialProtectionTests.test_prior_publication_receipt_sha_is_pinned) ... ok
test_prior_v14_index_or_meta_changes_and_missing_import_audit_rejected (test_publish_mixed_sequence.SequentialProtectionTests.test_prior_v14_index_or_meta_changes_and_missing_import_audit_rejected) ... ok
test_three_mixed_imports_are_protected_in_order (test_publish_mixed_sequence.SequentialProtectionTests.test_three_mixed_imports_are_protected_in_order) ... ok
test_aggregate_passed_cannot_hide_skips_inconclusive_or_duplicate_cases (test_publish_original_roster_v14_gates.PublicationGateTests.test_aggregate_passed_cannot_hide_skips_inconclusive_or_duplicate_cases) ... ok
test_all_hd_methods_and_parameter_cases_are_required (test_publish_original_roster_v14_gates.PublicationGateTests.test_all_hd_methods_and_parameter_cases_are_required) ... ok
test_default_nonempty_view_object_is_not_a_screenshot (test_publish_original_roster_v14_gates.PublicationGateTests.test_default_nonempty_view_object_is_not_a_screenshot) ... ok
test_exact140_inventory_accepts_only_real_root_derived_index_and_valid_metas (test_publish_original_roster_v14_gates.PublicationGateTests.test_exact140_inventory_accepts_only_real_root_derived_index_and_valid_metas) ... ok
test_existing_target_cannot_hide_a_nested_runtime_index (test_publish_original_roster_v14_gates.PublicationGateTests.test_existing_target_cannot_hide_a_nested_runtime_index) ... ok
test_inventory_rejects_missing_authored_index_or_guid_meta_and_changed_bytes (test_publish_original_roster_v14_gates.PublicationGateTests.test_inventory_rejects_missing_authored_index_or_guid_meta_and_changed_bytes) ... ok
test_launch_rejects_filtered_or_wrong_platform_runs_and_wrong_snapshot (test_publish_original_roster_v14_gates.PublicationGateTests.test_launch_rejects_filtered_or_wrong_platform_runs_and_wrong_snapshot) ... ok
test_launch_requires_exit_zero_xml_and_retained_log (test_publish_original_roster_v14_gates.PublicationGateTests.test_launch_requires_exit_zero_xml_and_retained_log) ... ok
test_launch_timestamps_must_enclose_xml (test_publish_original_roster_v14_gates.PublicationGateTests.test_launch_timestamps_must_enclose_xml) ... ok
test_missing_identity_case_cannot_hide_inside_passed_hd_results (test_publish_original_roster_v14_gates.PublicationGateTests.test_missing_identity_case_cannot_hide_inside_passed_hd_results) ... ok
test_missing_identity_source_binding_rejects_launch (test_publish_original_roster_v14_gates.PublicationGateTests.test_missing_identity_source_binding_rejects_launch) ... ok
test_nearest_view_accepts_honest_clipping_but_rejects_false_flags_and_wrong_zoom (test_publish_original_roster_v14_gates.PublicationGateTests.test_nearest_view_accepts_honest_clipping_but_rejects_false_flags_and_wrong_zoom) ... ok
test_nonfinite_projection_and_wrong_minimum_configuration_are_rejected (test_publish_original_roster_v14_gates.PublicationGateTests.test_nonfinite_projection_and_wrong_minimum_configuration_are_rejected) ... ok
test_png_dimensions_are_decoded_even_when_sha_and_claimed_size_match (test_publish_original_roster_v14_gates.PublicationGateTests.test_png_dimensions_are_decoded_even_when_sha_and_claimed_size_match) ... ok
test_runtime_visual_review_binds_report_input_view_hash_and_clipping (test_publish_original_roster_v14_gates.PublicationGateTests.test_runtime_visual_review_binds_report_input_view_hash_and_clipping) ... ok
test_runtime_visual_review_rejects_missing_duplicate_and_predated_records (test_publish_original_roster_v14_gates.PublicationGateTests.test_runtime_visual_review_rejects_missing_duplicate_and_predated_records) ... ok
test_saved_png_hash_is_verified_and_missing_file_is_rejected (test_publish_original_roster_v14_gates.PublicationGateTests.test_saved_png_hash_is_verified_and_missing_file_is_rejected) ... ok
test_idle_cannot_stand_in_for_walking (test_verify_mixed_walk_captures.NativeWalkBindingTests.test_idle_cannot_stand_in_for_walking) ... ok
test_missing_duplicate_or_wrong_frame_is_rejected (test_verify_mixed_walk_captures.NativeWalkBindingTests.test_missing_duplicate_or_wrong_frame_is_rejected) ... ok
test_observed_512_or_wrong_ppu_pivot_world_scale_is_rejected (test_verify_mixed_walk_captures.NativeWalkBindingTests.test_observed_512_or_wrong_ppu_pivot_world_scale_is_rejected) ... ok
test_outside_launch_time_is_rejected (test_verify_mixed_walk_captures.NativeWalkBindingTests.test_outside_launch_time_is_rejected) ... ok
test_preserved_geometry_cannot_claim_native_detail (test_verify_mixed_walk_captures.NativeWalkBindingTests.test_preserved_geometry_cannot_claim_native_detail) ... ok
test_shared_png_projection_gate_failure_is_preserved (test_verify_mixed_walk_captures.NativeWalkBindingTests.test_shared_png_projection_gate_failure_is_preserved) ... ok
test_stale_input_or_resource_sha_is_rejected (test_verify_mixed_walk_captures.NativeWalkBindingTests.test_stale_input_or_resource_sha_is_rejected) ... ok
test_two_native_frames_produce_four_bound_views (test_verify_mixed_walk_captures.NativeWalkBindingTests.test_two_native_frames_produce_four_bound_views) ... ok
test_unbound_or_reused_simulation_time_is_rejected (test_verify_mixed_walk_captures.NativeWalkBindingTests.test_unbound_or_reused_simulation_time_is_rejected) ... ok
test_warp_or_stationary_frame_is_rejected (test_verify_mixed_walk_captures.NativeWalkBindingTests.test_warp_or_stationary_frame_is_rejected) ... ok

----------------------------------------------------------------------
Ran 147 tests in 176.527s

OK
